Component: ARM Compiler 5.06 update 6 (build 750) Tool: armlink [4d35ed]

==============================================================================

Section Cross References

    startup_stm32f103xb.o(RESET) refers to startup_stm32f103xb.o(STACK) for __initial_sp
    startup_stm32f103xb.o(RESET) refers to startup_stm32f103xb.o(.text) for Reset_Handler
    startup_stm32f103xb.o(RESET) refers to stm32f1xx_it.o(i.NMI_Handler) for NMI_Handler
    startup_stm32f103xb.o(RESET) refers to stm32f1xx_it.o(i.HardFault_Handler) for HardFault_Handler
    startup_stm32f103xb.o(RESET) refers to stm32f1xx_it.o(i.MemManage_Handler) for MemManage_Handler
    startup_stm32f103xb.o(RESET) refers to stm32f1xx_it.o(i.BusFault_Handler) for BusFault_Handler
    startup_stm32f103xb.o(RESET) refers to stm32f1xx_it.o(i.UsageFault_Handler) for UsageFault_Handler
    startup_stm32f103xb.o(RESET) refers to stm32f1xx_it.o(i.SVC_Handler) for SVC_Handler
    startup_stm32f103xb.o(RESET) refers to stm32f1xx_it.o(i.DebugMon_Handler) for DebugMon_Handler
    startup_stm32f103xb.o(RESET) refers to stm32f1xx_it.o(i.PendSV_Handler) for PendSV_Handler
    startup_stm32f103xb.o(RESET) refers to stm32f1xx_it.o(i.SysTick_Handler) for SysTick_Handler
    startup_stm32f103xb.o(RESET) refers to stm32f1xx_it.o(i.TIM3_IRQHandler) for TIM3_IRQHandler
    startup_stm32f103xb.o(RESET) refers to stm32f1xx_it.o(i.USART2_IRQHandler) for USART2_IRQHandler
    startup_stm32f103xb.o(.text) refers to system_stm32f1xx.o(i.SystemInit) for SystemInit
    startup_stm32f103xb.o(.text) refers to entry.o(.ARM.Collect$$$$00000000) for __main
    bh1750.o(i.BH1750_Init) refers to soft_i2c.o(i.Soft_I2C_Start) for Soft_I2C_Start
    bh1750.o(i.BH1750_Init) refers to soft_i2c.o(i.Soft_I2C_Send_Byte) for Soft_I2C_Send_Byte
    bh1750.o(i.BH1750_Init) refers to soft_i2c.o(i.Soft_I2C_Wait_Ack) for Soft_I2C_Wait_Ack
    bh1750.o(i.BH1750_Init) refers to soft_i2c.o(i.Soft_I2C_Stop) for Soft_I2C_Stop
    bh1750.o(i.BH1750_Init) refers to bh1750.o(.data) for .data
    bh1750.o(i.BH1750_ReadLux) refers to soft_i2c.o(i.Soft_I2C_Start) for Soft_I2C_Start
    bh1750.o(i.BH1750_ReadLux) refers to soft_i2c.o(i.Soft_I2C_Send_Byte) for Soft_I2C_Send_Byte
    bh1750.o(i.BH1750_ReadLux) refers to soft_i2c.o(i.Soft_I2C_Wait_Ack) for Soft_I2C_Wait_Ack
    bh1750.o(i.BH1750_ReadLux) refers to soft_i2c.o(i.Soft_I2C_Stop) for Soft_I2C_Stop
    bh1750.o(i.BH1750_ReadLux) refers to soft_i2c.o(i.Soft_I2C_Read_Byte) for Soft_I2C_Read_Byte
    bh1750.o(i.BH1750_ReadLux) refers to ffltui.o(.text) for __aeabi_ui2f
    bh1750.o(i.BH1750_ReadLux) refers to fdiv.o(.text) for __aeabi_fdiv
    bh1750.o(i.BH1750_ReadLux) refers to bh1750.o(.data) for .data
    bsp_esp01s.o(i.Clear_WIFI_RX_Buffer) refers to memseta.o(.text) for __aeabi_memclr
    bsp_esp01s.o(i.Clear_WIFI_RX_Buffer) refers to bsp_esp01s.o(.bss) for .bss
    bsp_esp01s.o(i.Clear_WIFI_RX_Buffer) refers to bsp_esp01s.o(.data) for .data
    bsp_esp01s.o(i.Parse_MQTT_Message) refers to strstr.o(.text) for strstr
    bsp_esp01s.o(i.Parse_MQTT_Message) refers to strchr.o(.text) for strchr
    bsp_esp01s.o(i.Parse_MQTT_Message) refers to strncpy.o(.text) for strncpy
    bsp_esp01s.o(i.Parse_MQTT_Message) refers to printf3.o(i.__0printf$3) for __2printf
    bsp_esp01s.o(i.Parse_MQTT_Message) refers to strlen.o(.text) for strlen
    bsp_esp01s.o(i.Process_WIFI_RX) refers to strstr.o(.text) for strstr
    bsp_esp01s.o(i.Process_WIFI_RX) refers to memmovea.o(.text) for __aeabi_memcpy
    bsp_esp01s.o(i.Process_WIFI_RX) refers to bsp_esp01s.o(i.Parse_MQTT_Message) for Parse_MQTT_Message
    bsp_esp01s.o(i.Process_WIFI_RX) refers to printf3.o(i.__0printf$3) for __2printf
    bsp_esp01s.o(i.Process_WIFI_RX) refers to main.o(i.Process_OneNet_Command) for Process_OneNet_Command
    bsp_esp01s.o(i.Process_WIFI_RX) refers to main.o(i.Process_Config_Data) for Process_Config_Data
    bsp_esp01s.o(i.Process_WIFI_RX) refers to strlen.o(.text) for strlen
    bsp_esp01s.o(i.Process_WIFI_RX) refers to memseta.o(.text) for __aeabi_memclr
    bsp_esp01s.o(i.Process_WIFI_RX) refers to bsp_esp01s.o(i.Clear_WIFI_RX_Buffer) for Clear_WIFI_RX_Buffer
    bsp_esp01s.o(i.Process_WIFI_RX) refers to bsp_esp01s.o(.data) for .data
    bsp_esp01s.o(i.Process_WIFI_RX) refers to bsp_esp01s.o(.bss) for .bss
    bsp_esp01s.o(i.WIFI_ESP01S_Init) refers to bsp_esp01s.o(i.WIFI_Send_AT_Cmd) for WIFI_Send_AT_Cmd
    bsp_esp01s.o(i.WIFI_ESP01S_Init) refers to stm32f1xx_hal.o(i.HAL_Delay) for HAL_Delay
    bsp_esp01s.o(i.WIFI_ESP01S_Init) refers to bsp_esp01s.o(i.Clear_WIFI_RX_Buffer) for Clear_WIFI_RX_Buffer
    bsp_esp01s.o(i.WIFI_ESP01S_Init) refers to stm32f1xx_hal_uart.o(i.HAL_UART_Receive_IT) for HAL_UART_Receive_IT
    bsp_esp01s.o(i.WIFI_ESP01S_Init) refers to bsp_esp01s.o(.bss) for .bss
    bsp_esp01s.o(i.WIFI_ESP01S_Init) refers to bsp_esp01s.o(.data) for .data
    bsp_esp01s.o(i.WIFI_ESP01S_Init) refers to usart.o(.bss) for huart2
[...]
    i.HAL_ADC_Init                           0x08000f48   Section        0  stm32f1xx_hal_adc.o(i.HAL_ADC_Init)
    i.HAL_ADC_MspInit                        0x08001064   Section        0  adc.o(i.HAL_ADC_MspInit)
    i.HAL_ADC_PollForConversion              0x080010bc   Section        0  stm32f1xx_hal_adc.o(i.HAL_ADC_PollForConversion)
    i.HAL_ADC_Start                          0x080011f8   Section        0  stm32f1xx_hal_adc.o(i.HAL_ADC_Start)
    i.HAL_DMA_Abort                          0x080012b8   Section        0  stm32f1xx_hal_dma.o(i.HAL_DMA_Abort)
    i.HAL_DMA_Abort_IT                       0x08001300   Section        0  stm32f1xx_hal_dma.o(i.HAL_DMA_Abort_IT)
    i.HAL_Delay                              0x08001398   Section        0  stm32f1xx_hal.o(i.HAL_Delay)
    i.HAL_FLASHEx_Erase                      0x080013bc   Section        0  stm32f1xx_hal_flash_ex.o(i.HAL_FLASHEx_Erase)
    i.HAL_FLASH_GetError                     0x08001464   Section        0  stm32f1xx_hal_flash.o(i.HAL_FLASH_GetError)
    i.HAL_FLASH_Lock                         0x08001470   Section        0  stm32f1xx_hal_flash.o(i.HAL_FLASH_Lock)
    i.HAL_FLASH_Program                      0x08001484   Section        0  stm32f1xx_hal_flash.o(i.HAL_FLASH_Program)
    i.HAL_FLASH_Unlock                       0x08001504   Section        0  stm32f1xx_hal_flash.o(i.HAL_FLASH_Unlock)
    i.HAL_GPIO_Init                          0x0800152c   Section        0  stm32f1xx_hal_gpio.o(i.HAL_GPIO_Init)
    i.HAL_GPIO_ReadPin                       0x0800170c   Section        0  stm32f1xx_hal_gpio.o(i.HAL_GPIO_ReadPin)
    i.HAL_GPIO_WritePin                      0x08001716   Section        0  stm32f1xx_hal_gpio.o(i.HAL_GPIO_WritePin)
    i.HAL_GetTick                            0x08001720   Section        0  stm32f1xx_hal.o(i.HAL_GetTick)
    i.HAL_IncTick                            0x0800172c   Section        0  stm32f1xx_hal.o(i.HAL_IncTick)
    i.HAL_Init                               0x0800173c   Section        0  stm32f1xx_hal.o(i.HAL_Init)
    i.HAL_InitTick                           0x08001760   Section        0  stm32f1xx_hal.o(i.HAL_InitTick)
    i.HAL_MspInit                            0x080017a0   Section        0  stm32f1xx_hal_msp.o(i.HAL_MspInit)
    i.HAL_NVIC_EnableIRQ                     0x080017dc   Section        0  stm32f1xx_hal_cortex.o(i.HAL_NVIC_EnableIRQ)
    i.HAL_NVIC_SetPriority                   0x080017f8   Section        0  stm32f1xx_hal_cortex.o(i.HAL_NVIC_SetPriority)
    i.HAL_NVIC_SetPriorityGrouping           0x08001838   Section        0  stm32f1xx_hal_cortex.o(i.HAL_NVIC_SetPriorityGrouping)
    i.HAL_RCCEx_GetPeriphCLKFreq             0x0800185c   Section        0  stm32f1xx_hal_rcc_ex.o(i.HAL_RCCEx_GetPeriphCLKFreq)
    i.HAL_RCCEx_PeriphCLKConfig              0x08001900   Section        0  stm32f1xx_hal_rcc_ex.o(i.HAL_RCCEx_PeriphCLKConfig)
    i.HAL_RCC_ClockConfig                    0x080019ec   Section        0  stm32f1xx_hal_rcc.o(i.HAL_RCC_ClockConfig)
    i.HAL_RCC_GetHCLKFreq                    0x08001b18   Section        0  stm32f1xx_hal_rcc.o(i.HAL_RCC_GetHCLKFreq)
    i.HAL_RCC_GetPCLK1Freq                   0x08001b24   Section        0  stm32f1xx_hal_rcc.o(i.HAL_RCC_GetPCLK1Freq)
    i.HAL_RCC_GetPCLK2Freq                   0x08001b44   Section        0  stm32f1xx_hal_rcc.o(i.HAL_RCC_GetPCLK2Freq)
    i.HAL_RCC_GetSysClockFreq                0x08001b64   Section        0  stm32f1xx_hal_rcc.o(i.HAL_RCC_GetSysClockFreq)
    i.HAL_RCC_OscConfig                      0x08001bb0   Section        0  stm32f1xx_hal_rcc.o(i.HAL_RCC_OscConfig)
    i.HAL_SYSTICK_Config                     0x08001ed0   Section        0  stm32f1xx_hal_cortex.o(i.HAL_SYSTICK_Config)
    i.HAL_TIMEx_BreakCallback                0x08001ef8   Section        0  stm32f1xx_hal_tim_ex.o(i.HAL_TIMEx_BreakCallback)
    i.HAL_TIMEx_CommutCallback               0x08001efa   Section        0  stm32f1xx_hal_tim_ex.o(i.HAL_TIMEx_CommutCallback)
    i.HAL_TIMEx_MasterConfigSynchronization  0x08001efc   Section        0  stm32f1xx_hal_tim_ex.o(i.HAL_TIMEx_MasterConfigSynchronization)
    i.HAL_TIM_Base_Init                      0x08001f64   Section        0  stm32f1xx_hal_tim.o(i.HAL_TIM_Base_Init)
    i.HAL_TIM_Base_MspInit                   0x08001fc0   Section        0  tim.o(i.HAL_TIM_Base_MspInit)
    i.HAL_TIM_ConfigClockSource              0x08001ffc   Section        0  stm32f1xx_hal_tim.o(i.HAL_TIM_ConfigClockSource)
    i.HAL_TIM_IC_CaptureCallback             0x080020d8   Section        0  stm32f1xx_hal_tim.o(i.HAL_TIM_IC_CaptureCallback)
    i.HAL_TIM_IRQHandler                     0x080020da   Section        0  stm32f1xx_hal_tim.o(i.HAL_TIM_IRQHandler)
    i.HAL_TIM_OC_DelayElapsedCallback        0x0800220a   Section        0  stm32f1xx_hal_tim.o(i.HAL_TIM_OC_DelayElapsedCallback)
    i.HAL_TIM_PWM_PulseFinishedCallback      0x0800220c   Section        0  stm32f1xx_hal_tim.o(i.HAL_TIM_PWM_PulseFinishedCallback)
    i.HAL_TIM_PeriodElapsedCallback          0x0800220e   Section        0  stm32f1xx_hal_tim.o(i.HAL_TIM_PeriodElapsedCallback)
    i.HAL_TIM_TriggerCallback                0x08002210   Section        0  stm32f1xx_hal_tim.o(i.HAL_TIM_TriggerCallback)
    i.HAL_UARTEx_RxEventCallback             0x08002212   Section        0  stm32f1xx_hal_uart.o(i.HAL_UARTEx_RxEventCallback)
    i.HAL_UART_ErrorCallback                 0x08002214   Section        0  stm32f1xx_hal_uart.o(i.HAL_UART_ErrorCallback)
    i.HAL_UART_IRQHandler                    0x08002218   Section        0  stm32f1xx_hal_uart.o(i.HAL_UART_IRQHandler)
    i.HAL_UART_Init                          0x08002484   Section        0  stm32f1xx_hal_uart.o(i.HAL_UART_Init)
    i.HAL_UART_MspInit                       0x080024e8   Section        0  usart.o(i.HAL_UART_MspInit)
    i.HAL_UART_Receive_IT                    0x080025b4   Section        0  stm32f1xx_hal_uart.o(i.HAL_UART_Receive_IT)
    i.HAL_UART_RxCpltCallback                0x080025d0   Section        0  stm32f1xx_hal_uart.o(i.HAL_UART_RxCpltCallback)
    i.HAL_UART_Transmit                      0x080025d2   Section        0  stm32f1xx_hal_uart.o(i.HAL_UART_Transmit)
    i.HAL_UART_TxCpltCallback                0x08002672   Section        0  stm32f1xx_hal_uart.o(i.HAL_UART_TxCpltCallback)
    i.HardFault_Handler                      0x08002674   Section        0  stm32f1xx_it.o(i.HardFault_Handler)
    i.Key_Scan                               0x08002676   Section        0  key.o(i.Key_Scan)
    i.LedOff                                 0x080026cc   Section        0  led.o(i.LedOff)
    i.LedOn                                  0x080026dc   Section        0  led.o(i.LedOn)
    i.MQ2_ReadAverage                        0x080026ec   Section        0  mq2.o(i.MQ2_ReadAverage)
    i.MQ2_ReadPercentage                     0x08002720   Section        0  mq2.o(i.MQ2_ReadPercentage)
    i.MQ2_ReadRaw                            0x0800273e   Section        0  mq2.o(i.MQ2_ReadRaw)
    i.MX_ADC1_Init                           0x08002760   Section        0  adc.o(i.MX_ADC1_Init)
    i.MX_GPIO_Init                           0x080027b0   Section        0  gpio.o(i.MX_GPIO_Init)
    i.MX_TIM3_Init                           0x0800284c   Section        0  tim.o(i.MX_TIM3_Init)
    i.MX_USART1_UART_Init                    0x080028b4   Section        0  usart.o(i.MX_USART1_UART_Init)
    i.MX_USART2_UART_Init                    0x080028ec   Section        0  usart.o(i.MX_USART2_UART_Init)
    i.MemManage_Handler                      0x08002924   Section        0  stm32f1xx_it.o(i.MemManage_Handler)
    i.NMI_Handler                            0x08002926   Section        0  stm32f1xx_it.o(i.NMI_Handler)
    i.OLED_Clear                             0x08002928   Section        0  oled_s.o(i.OLED_Clear)
    i.OLED_I2C_Init                          0x08002950   Section        0  oled_s.o(i.OLED_I2C_Init)
    i.OLED_I2C_SendByte                      0x080029a0   Section        0  oled_s.o(i.OLED_I2C_SendByte)
    i.OLED_I2C_Start                         0x080029fc   Section        0  oled_s.o(i.OLED_I2C_Start)
    i.OLED_I2C_Stop                          0x08002a30   Section        0  oled_s.o(i.OLED_I2C_Stop)
    i.OLED_Init                              0x08002a5c   Section        0  oled_s.o(i.OLED_Init)
    i.OLED_SetCursor                         0x08002b08   Section        0  oled_s.o(i.OLED_SetCursor)
    i.OLED_Show16x16Icon                     0x08002b2c   Section        0  oled_s.o(i.OLED_Show16x16Icon)
    i.OLED_ShowChar                          0x08002bcc   Section        0  oled_s.o(i.OLED_ShowChar)
    i.OLED_ShowString                        0x08002c2c   Section        0  oled_s.o(i.OLED_ShowString)
    i.OLED_WriteCommand                      0x08002c52   Section        0  oled_s.o(i.OLED_WriteCommand)
    i.OLED_WriteData                         0x08002c74   Section        0  oled_s.o(i.OLED_WriteData)
    i.PIR_IsHumanDetected                    0x08002c98   Section        0  pir_sensor.o(i.PIR_IsHumanDetected)
    i.Parse_MQTT_Message                     0x08002cb0   Section        0  bsp_esp01s.o(i.Parse_MQTT_Message)
    i.PendSV_Handler                         0x08002d84   Section        0  stm32f1xx_it.o(i.PendSV_Handler)
    i.Process_Config_Data                    0x08002d88   Section        0  main.o(i.Process_Config_Data)
    i.Process_OneNet_Command                 0x08002f0c   Section        0  main.o(i.Process_OneNet_Command)
    i.Process_WIFI_RX                        0x080031bc   Section        0  bsp_esp01s.o(i.Process_WIFI_RX)
    i.Relay1_Off                             0x08003344   Section        0  relay.o(i.Relay1_Off)
    i.Relay1_On                              0x08003354   Section        0  relay.o(i.Relay1_On)
    i.Relay2_Off                             0x08003364   Section        0  relay.o(i.Relay2_Off)
    i.Relay2_On                              0x08003374   Section        0  relay.o(i.Relay2_On)
    i.Relay_Init                             0x08003384   Section        0  relay.o(i.Relay_Init)
    i.SHT30_Init                             0x080033e0   Section        0  sht30.o(i.SHT30_Init)
    i.SHT30_ReadData                         0x08003428   Section        0  sht30.o(i.SHT30_ReadData)
    i.SVC_Handler                            0x08003508   Section        0  stm32f1xx_it.o(i.SVC_Handler)
    i.Send_Data_to_OneNet                    0x0800350c   Section        0  main.o(i.Send_Data_to_OneNet)
    i.Soft_I2C_Ack                           0x08003664   Section        0  soft_i2c.o(i.Soft_I2C_Ack)
    i.Soft_I2C_Init                          0x080036b4   Section        0  soft_i2c.o(i.Soft_I2C_Init)
    i.Soft_I2C_NAck                          0x08003704   Section        0  soft_i2c.o(i.Soft_I2C_NAck)
    i.Soft_I2C_Read_Byte                     0x08003754   Section        0  soft_i2c.o(i.Soft_I2C_Read_Byte)
    i.Soft_I2C_Send_Byte                     0x080037c4   Section        0  soft_i2c.o(i.Soft_I2C_Send_Byte)
    i.Soft_I2C_Start                         0x08003834   Section        0  soft_i2c.o(i.Soft_I2C_Start)
    i.Soft_I2C_Stop                          0x08003888   Section        0  soft_i2c.o(i.Soft_I2C_Stop)
    i.Soft_I2C_Wait_Ack                      0x080038dc   Section        0  soft_i2c.o(i.Soft_I2C_Wait_Ack)
    i.SysTick_Handler                        0x08003944   Section        0  stm32f1xx_it.o(i.SysTick_Handler)
    i.SystemClock_Config                     0x08003948   Section        0  main.o(i.SystemClock_Config)
    i.SystemInit                             0x080039c0   Section        0  system_stm32f1xx.o(i.SystemInit)
    i.TIM3_IRQHandler                        0x080039c4   Section        0  stm32f1xx_it.o(i.TIM3_IRQHandler)
    i.TIM_Base_SetConfig                     0x080039d0   Section        0  stm32f1xx_hal_tim.o(i.TIM_Base_SetConfig)
    i.TIM_ETR_SetConfig                      0x08003a48   Section        0  stm32f1xx_hal_tim.o(i.TIM_ETR_SetConfig)
    i.TIM_ITRx_SetConfig                     0x08003a5c   Section        0  stm32f1xx_hal_tim.o(i.TIM_ITRx_SetConfig)
    TIM_ITRx_SetConfig                       0x08003a5d   Thumb Code    16  stm32f1xx_hal_tim.o(i.TIM_ITRx_SetConfig)
    i.TIM_TI1_ConfigInputStage               0x08003a6c   Section        0  stm32f1xx_hal_tim.o(i.TIM_TI1_ConfigInputStage)
    TIM_TI1_ConfigInputStage                 0x08003a6d   Thumb Code    34  stm32f1xx_hal_tim.o(i.TIM_TI1_ConfigInputStage)
    i.TIM_TI2_ConfigInputStage               0x08003a8e   Section        0  stm32f1xx_hal_tim.o(i.TIM_TI2_ConfigInputStage)
    TIM_TI2_ConfigInputStage                 0x08003a8f   Thumb Code    36  stm32f1xx_hal_tim.o(i.TIM_TI2_ConfigInputStage)
    i.UART_DMAAbortOnError                   0x08003ab2   Section        0  stm32f1xx_hal_uart.o(i.UART_DMAAbortOnError)
    UART_DMAAbortOnError                     0x08003ab3   Thumb Code    16  stm32f1xx_hal_uart.o(i.UART_DMAAbortOnError)
    i.UART_EndRxTransfer                     0x08003ac2   Section        0  stm32f1xx_hal_uart.o(i.UART_EndRxTransfer)
    UART_EndRxTransfer                       0x08003ac3   Thumb Code    78  stm32f1xx_hal_uart.o(i.UART_EndRxTransfer)
    i.UART_Receive_IT                        0x08003b10   Section        0  stm32f1xx_hal_uart.o(i.UART_Receive_IT)
    UART_Receive_IT                          0x08003b11   Thumb Code   194  stm32f1xx_hal_uart.o(i.UART_Receive_IT)
    i.UART_SetConfig                         0x08003bd4   Section        0  stm32f1xx_hal_uart.o(i.UART_SetConfig)
    UART_SetConfig                           0x08003bd5   Thumb Code   178  stm32f1xx_hal_uart.o(i.UART_SetConfig)
    i.UART_Start_Receive_IT                  0x08003c8c   Section        0  stm32f1xx_hal_uart.o(i.UART_Start_Receive_IT)
    i.UART_WaitOnFlagUntilTimeout            0x08003cc2   Section        0  stm32f1xx_hal_uart.o(i.UART_WaitOnFlagUntilTimeout)
    UART_WaitOnFlagUntilTimeout              0x08003cc3   Thumb Code   114  stm32f1xx_hal_uart.o(i.UART_WaitOnFlagUntilTimeout)
    i.USART2_IRQHandler                      0x08003d34   Section        0  stm32f1xx_it.o(i.USART2_IRQHandler)
    i.UsageFault_Handler                     0x08003dc8   Section        0  stm32f1xx_it.o(i.UsageFault_Handler)
    i.WIFI_ESP01S_Init                       0x08003dcc   Section        0  bsp_esp01s.o(i.WIFI_ESP01S_Init)
    i.WIFI_MQTT_Connect                      0x08003e1c   Section        0  bsp_esp01s.o(i.WIFI_MQTT_Connect)
    i.WIFI_MQTT_Publish                      0x08003fa0   Section        0  bsp_esp01s.o(i.WIFI_MQTT_Publish)
    i.WIFI_MQTT_Subscribe                    0x08004004   Section        0  bsp_esp01s.o(i.WIFI_MQTT_Subscribe)
    i.WIFI_STA_Connect                       0x08004050   Section        0  bsp_esp01s.o(i.WIFI_STA_Connect)
    i.WIFI_Send_AT_Cmd                       0x08004144   Section        0  bsp_esp01s.o(i.WIFI_Send_AT_Cmd)
    i.WIFI_Set_Mode                          0x080041b0   Section        0  bsp_esp01s.o(i.WIFI_Set_Mode)
    i.WIFI_Start_AP                          0x080041e4   Section        0  bsp_esp01s.o(i.WIFI_Start_AP)
    i.WIFI_Start_Server                      0x0800424c   Section        0  bsp_esp01s.o(i.WIFI_Start_Server)
    i.WIFI_USART_Send_String                 0x080042a8   Section        0  bsp_esp01s.o(i.WIFI_USART_Send_String)
    i.__0printf$3                            0x080042c8   Section        0  printf3.o(i.__0printf$3)
    i.__0snprintf$3                          0x080042e8   Section        0  printf3.o(i.__0snprintf$3)
    i.__0sprintf$3                           0x08004318   Section        0  printf3.o(i.__0sprintf$3)
    i.__NVIC_SetPriority                     0x08004340   Section        0  stm32f1xx_hal_cortex.o(i.__NVIC_SetPriority)
    __NVIC_SetPriority                       0x08004341   Thumb Code    32  stm32f1xx_hal_cortex.o(i.__NVIC_SetPriority)
    i.__aeabi_errno_addr                     0x08004360   Section        0  errno.o(i.__aeabi_errno_addr)
    i.__scatterload_copy                     0x08004368   Section       14  handlers.o(i.__scatterload_copy)
    i.__scatterload_null                     0x08004376   Section        2  handlers.o(i.__scatterload_null)
    i.__scatterload_zeroinit                 0x08004378   Section       14  handlers.o(i.__scatterload_zeroinit)
    i._printf_core                           0x08004388   Section        0  printf3.o(i._printf_core)
    _printf_core                             0x08004389   Thumb Code   436  printf3.o(i._printf_core)
    i._snputc                                0x08004540   Section        0  printf3.o(i._snputc)
    _snputc                                  0x08004541   Thumb Code    22  printf3.o(i._snputc)
    i._sputc                                 0x08004556   Section        0  printf3.o(i._sputc)
    _sputc                                   0x08004557   Thumb Code    10  printf3.o(i._sputc)
    i.delay_us                               0x08004560   Section        0  soft_i2c.o(i.delay_us)
    delay_us                                 0x08004561   Thumb Code    22  soft_i2c.o(i.delay_us)
    i.extract_json_id                        0x0800457c   Section        0  main.o(i.extract_json_id)
    i.extract_json_string                    0x080045d0   Section        0  main.o(i.extract_json_string)
    i.fputc                                  0x08004628   Section        0  usart.o(i.fputc)
    i.get_param_value                        0x08004640   Section        0  main.o(i.get_param_value)
    i.main                                   0x080046c4   Section        0  main.o(i.main)
    .constdata                               0x08004bc4   Section       32  oled_s.o(.constdata)
    .constdata                               0x08004be4   Section       32  oled_s.o(.constdata)
    .constdata                               0x08004c04   Section       32  oled_s.o(.constdata)
    .constdata                               0x08004c24   Section       32  oled_s.o(.constdata)
    .constdata                               0x08004c44   Section     1520  oled_s.o(.constdata)
    .constdata                               0x08005234   Section       32  main.o(.constdata)
    .constdata                               0x08005254   Section       18  stm32f1xx_hal_rcc.o(.constdata)
    aPredivFactorTable                       0x08005254   Data           2  stm32f1xx_hal_rcc.o(.constdata)
    aPLLMULFactorTable                       0x08005256   Data          16  stm32f1xx_hal_rcc.o(.constdata)
    .constdata                               0x08005266   Section       18  stm32f1xx_hal_rcc_ex.o(.constdata)
    aPredivFactorTable                       0x08005266   Data           2  stm32f1xx_hal_rcc_ex.o(.constdata)
    aPLLMULFactorTable                       0x08005268   Data          16  stm32f1xx_hal_rcc_ex.o(.constdata)
    .constdata                               0x08005278   Section       16  system_stm32f1xx.o(.constdata)
    .constdata                               0x08005288   Section        8  system_stm32f1xx.o(.constdata)
    .constdata                               0x08005290   Section      129  ctype_o.o(.constdata)
    .constdata                               0x08005314   Section        4  ctype_o.o(.constdata)
    table                                    0x08005314   Data           4  ctype_o.o(.constdata)
    .conststring                             0x08005318   Section      300  main.o(.conststring)
    .data                                    0x20000000   Section        3  bh1750.o(.data)
    cmd                                      0x20000000   Data           1  bh1750.o(.data)
    rx_buf                                   0x20000001   Data           2  bh1750.o(.data)
    .data                                    0x20000004   Section        6  bsp_esp01s.o(.data)
    .data                                    0x2000000a   Section        8  sht30.o(.data)
    tx_buf                                   0x2000000a   Data           2  sht30.o(.data)
    rx_buf                                   0x2000000c   Data           6  sht30.o(.data)
    .data                                    0x20000014   Section       64  main.o(.data)
    human                                    0x20000015   Data           1  main.o(.data)
    buzzer                                   0x20000016   Data           1  main.o(.data)
    led                                      0x20000017   Data           1  main.o(.data)
    security_mode                            0x20000018   Data           1  main.o(.data)
    modify_mode                              0x20000019   Data           1  main.o(.data)
    lux                                      0x20000024   Data           4  main.o(.data)
    gas_v                                    0x20000028   Data           4  main.o(.data)
    security_val                             0x2000002c   Data           4  main.o(.data)
    t_alert                                  0x20000030   Data           4  main.o(.data)
    h_alert                                  0x20000034   Data           4  main.o(.data)
    lastReconnect                            0x20000038   Data           4  main.o(.data)
    led_value                                0x2000003c   Data           4  main.o(.data)
    alarm_value                              0x20000040   Data           4  main.o(.data)
    relay1_value                             0x20000044   Data           4  main.o(.data)
    relay2_value                             0x20000048   Data           4  main.o(.data)
    env                                      0x2000004c   Data           8  main.o(.data)
    .data                                    0x20000054   Section       12  stm32f1xx_hal.o(.data)
    .data                                    0x20000060   Section        4  system_stm32f1xx.o(.data)
    .data                                    0x20000064   Section        4  stdout.o(.data)
    .data                                    0x20000068   Section        4  errno.o(.data)
    _errno                                   0x20000068   Data           4  errno.o(.data)
    .bss                                     0x2000006c   Section      512  bsp_esp01s.o(.bss)
    .bss                                     0x2000026c   Section     1088  main.o(.bss)
    .bss                                     0x200006ac   Section       48  adc.o(.bss)
    .bss                                     0x200006dc   Section       84  i2c.o(.bss)
    .bss                                     0x20000730   Section       72  tim.o(.bss)
    .bss                                     0x20000778   Section      144  usart.o(.bss)
    .bss                                     0x20000808   Section      428  flash_storage.o(.bss)
    .bss                                     0x200009b8   Section       32  stm32f1xx_hal_flash.o(.bss)
    STACK                                    0x200009d8   Section     1024  startup_stm32f103xb.o(STACK)

    Global Symbols

    Symbol Name                              Value     Ov Type        Size  Object(Section)

    BuildAttributes$$THM_ISAv4$P$D$K$B$S$PE$A:L22UL41UL21$X:L11$S22US41US21$IEEE1$IW$USESV6$~STKCKD$USESV7$~SHL$OTIME$ROPI$EBA8$MICROLIB$REQ8$PRES8$EABIv2 0x00000000   Number         0  anon$$obj.o ABSOLUTE
    __ARM_use_no_argv                        0x00000000   Number         0  main.o ABSOLUTE
    _printf_a                                0x00000000   Number         0  stubs.o ABSOLUTE
    _printf_c                                0x00000000   Number         0  stubs.o ABSOLUTE
    _printf_charcount                        0x00000000   Number         0  stubs.o ABSOLUTE
    _printf_d                                0x00000000   Number         0  stubs.o ABSOLUTE
    _printf_e                                0x00000000   Number         0  stubs.o ABSOLUTE
    _printf_f                                0x00000000   Number         0  stubs.o ABSOLUTE
    _printf_flags                            0x00000000   Number         0  stubs.o ABSOLUTE
    _printf_fp_dec                           0x00000000   Number         0  stubs.o ABSOLUTE
    _printf_fp_hex                           0x00000000   Number         0  stubs.o ABSOLUTE
    _printf_g                                0x00000000   Number         0  stubs.o ABSOLUTE
    _printf_i                                0x00000000   Number         0  stubs.o ABSOLUTE
    _printf_int_dec                          0x00000000   Number         0  stubs.o ABSOLUTE
    _printf_l                                0x00000000   Number         0  stubs.o ABSOLUTE
    _printf_lc                               0x00000000   Number         0  stubs.o ABSOLUTE
    _printf_ll                               0x00000000   Number         0  stubs.o ABSOLUTE
    _printf_lld                              0x00000000   Number         0  stubs.o ABSOLUTE
    _printf_lli                              0x00000000   Number         0  stubs.o ABSOLUTE
    _printf_llo                              0x00000000   Number         0  stubs.o ABSOLUTE
    _printf_llu                              0x00000000   Number         0  stubs.o ABSOLUTE
    _printf_llx                              0x00000000   Number         0  stubs.o ABSOLUTE
    _printf_longlong_dec                     0x00000000   Number         0  stubs.o ABSOLUTE
    _printf_longlong_hex                     0x00000000   Number         0  stubs.o ABSOLUTE
    _printf_longlong_oct                     0x00000000   Number         0  stubs.o ABSOLUTE
    _printf_ls                               0x00000000   Number         0  stubs.o ABSOLUTE
    _printf_mbtowc                           0x00000000   Number         0  stubs.o ABSOLUTE
    _printf_n                                0x00000000   Number         0  stubs.o ABSOLUTE
    _printf_o                                0x00000000   Number         0  stubs.o ABSOLUTE
    _printf_p                                0x00000000   Number         0  stubs.o ABSOLUTE
    _printf_percent                          0x00000000   Number         0  stubs.o ABSOLUTE
    _printf_pre_padding                      0x00000000   Number         0  stubs.o ABSOLUTE
    _printf_return_value                     0x00000000   Number         0  stubs.o ABSOLUTE
    _printf_s                                0x00000000   Number         0  stubs.o ABSOLUTE
    _printf_sizespec                         0x00000000   Number         0  stubs.o ABSOLUTE
    _printf_str                              0x00000000   Number         0  stubs.o ABSOLUTE
    _printf_truncate_signed                  0x00000000   Number         0  stubs.o ABSOLUTE
    _printf_truncate_unsigned                0x00000000   Number         0  stubs.o ABSOLUTE
    _printf_u                                0x00000000   Number         0  stubs.o ABSOLUTE
    _printf_wc                               0x00000000   Number         0  stubs.o ABSOLUTE
    _printf_wctomb                           0x00000000   Number         0  stubs.o ABSOLUTE
    _printf_widthprec                        0x00000000   Number         0  stubs.o ABSOLUTE
    _printf_x                                0x00000000   Number         0  stubs.o ABSOLUTE
    __cpp_initialize__aeabi_                  - Undefined Weak Reference
    __cxa_finalize                            - Undefined Weak Reference
    __decompress                              - Undefined Weak Reference
    _clock_init                               - Undefined Weak Reference
    _microlib_exit                            - Undefined Weak Reference
    __Vectors_Size                           0x000000ec   Number         0  startup_stm32f103xb.o ABSOLUTE
    __Vectors                                0x08000000   Data           4  startup_stm32f103xb.o(RESET)
    __Vectors_End                            0x080000ec   Data           0  startup_stm32f103xb.o(RESET)
    __main                                   0x080000ed   Thumb Code     0  entry.o(.ARM.Collect$$$$00000000)
    _main_stk                                0x080000ed   Thumb Code     0  entry2.o(.ARM.Collect$$$$00000001)
    _main_scatterload                        0x080000f1   Thumb Code     0  entry5.o(.ARM.Collect$$$$00000004)
    __main_after_scatterload                 0x080000f5   Thumb Code     0  entry5.o(.ARM.Collect$$$$00000004)
    _main_clock                              0x080000f5   Thumb Code     0  entry7b.o(.ARM.Collect$$$$00000008)
    _main_cpp_init                           0x080000f5   Thumb Code     0  entry8b.o(.ARM.Collect$$$$0000000A)
    _main_init                               0x080000f5   Thumb Code     0  entry9a.o(.ARM.Collect$$$$0000000B)
    __rt_final_cpp                           0x080000fd   Thumb Code     0  entry10a.o(.ARM.Collect$$$$0000000D)
    __rt_final_exit                          0x080000fd   Thumb Code     0  entry11a.o(.ARM.Collect$$$$0000000F)
    Reset_Handler                            0x08000101   Thumb Code     8  startup_stm32f103xb.o(.text)
    ADC1_2_IRQHandler                        0x0800011b   Thumb Code     0  startup_stm32f103xb.o(.text)
    CAN1_RX1_IRQHandler                      0x0800011b   Thumb Code     0  startup_stm32f103xb.o(.text)
    CAN1_SCE_IRQHandler                      0x0800011b   Thumb Code     0  startup_stm32f103xb.o(.text)
    DMA1_Channel1_IRQHandler                 0x0800011b   Thumb Code     0  startup_stm32f103xb.o(.text)
    DMA1_Channel2_IRQHandler                 0x0800011b   Thumb Code     0  startup_stm32f103xb.o(.text)
    DMA1_Channel3_IRQHandler                 0x0800011b   Thumb Code     0  startup_stm32f103xb.o(.text)
    DMA1_Channel4_IRQHandler                 0x0800011b   Thumb Code     0  startup_stm32f103xb.o(.text)
    DMA1_Channel5_IRQHandler                 0x0800011b   Thumb Code     0  startup_stm32f103xb.o(.text)
    DMA1_Channel6_IRQHandler                 0x0800011b   Thumb Code     0  startup_stm32f103xb.o(.text)
    DMA1_Channel7_IRQHandler                 0x0800011b   Thumb Code     0  startup_stm32f103xb.o(.text)
    EXTI0_IRQHandler                         0x0800011b   Thumb Code     0  startup_stm32f103xb.o(.text)
    EXTI15_10_IRQHandler                     0x0800011b   Thumb Code     0  startup_stm32f103xb.o(.text)
    EXTI1_IRQHandler                         0x0800011b   Thumb Code     0  startup_stm32f103xb.o(.text)
    EXTI2_IRQHandler                         0x0800011b   Thumb Code     0  startup_stm32f103xb.o(.text)
    EXTI3_IRQHandler                         0x0800011b   Thumb Code     0  startup_stm32f103xb.o(.text)
    EXTI4_IRQHandler                         0x0800011b   Thumb Code     0  startup_stm32f103xb.o(.text)
    EXTI9_5_IRQHandler                       0x0800011b   Thumb Code     0  startup_stm32f103xb.o(.text)
    FLASH_IRQHandler                         0x0800011b   Thumb Code     0  startup_stm32f103xb.o(.text)
    I2C1_ER_IRQHandler                       0x0800011b   Thumb Code     0  startup_stm32f103xb.o(.text)
    I2C1_EV_IRQHandler                       0x0800011b   Thumb Code     0  startup_stm32f103xb.o(.text)
    I2C2_ER_IRQHandler                       0x0800011b   Thumb Code     0  startup_stm32f103xb.o(.text)
    I2C2_EV_IRQHandler                       0x0800011b   Thumb Code     0  startup_stm32f103xb.o(.text)
    PVD_IRQHandler                           0x0800011b   Thumb Code     0  startup_stm32f103xb.o(.text)
    RCC_IRQHandler                           0x0800011b   Thumb Code     0  startup_stm32f103xb.o(.text)
    RTC_Alarm_IRQHandler                     0x0800011b   Thumb Code     0  startup_stm32f103xb.o(.text)
    RTC_IRQHandler                           0x0800011b   Thumb Code     0  startup_stm32f103xb.o(.text)
    SPI1_IRQHandler                          0x0800011b   Thumb Code     0  startup_stm32f103xb.o(.text)
    SPI2_IRQHandler                          0x0800011b   Thumb Code     0  startup_stm32f103xb.o(.text)
    TAMPER_IRQHandler                        0x0800011b   Thumb Code     0  startup_stm32f103xb.o(.text)
    TIM1_BRK_IRQHandler                      0x0800011b   Thumb Code     0  startup_stm32f103xb.o(.text)
    TIM1_CC_IRQHandler                       0x0800011b   Thumb Code     0  startup_stm32f103xb.o(.text)
    TIM1_TRG_COM_IRQHandler                  0x0800011b   Thumb Code     0  startup_stm32f103xb.o(.text)
    TIM1_UP_IRQHandler                       0x0800011b   Thumb Code     0  startup_stm32f103xb.o(.text)
    TIM2_IRQHandler                          0x0800011b   Thumb Code     0  startup_stm32f103xb.o(.text)
    TIM4_IRQHandler                          0x0800011b   Thumb Code     0  startup_stm32f103xb.o(.text)
    USART1_IRQHandler                        0x0800011b   Thumb Code     0  startup_stm32f103xb.o(.text)
    USART3_IRQHandler                        0x0800011b   Thumb Code     0  startup_stm32f103xb.o(.text)
    USBWakeUp_IRQHandler                     0x0800011b   Thumb Code     0  startup_stm32f103xb.o(.text)
    USB_HP_CAN1_TX_IRQHandler                0x0800011b   Thumb Code     0  startup_stm32f103xb.o(.text)
    USB_LP_CAN1_RX0_IRQHandler               0x0800011b   Thumb Code     0  startup_stm32f103xb.o(.text)
    WWDG_IRQHandler                          0x0800011b   Thumb Code     0  startup_stm32f103xb.o(.text)
    __aeabi_uldivmod                         0x08000125   Thumb Code    98  uldiv.o(.text)
    __aeabi_llsr                             0x08000187   Thumb Code    32  llushr.o(.text)
    _ll_ushift_r                             0x08000187   Thumb Code     0  llushr.o(.text)
    ___aeabi_memcpy8$move                    0x080001a7   Thumb Code     0  memmovea.o(.text)
    __aeabi_memcpy                           0x080001a7   Thumb Code    64  memmovea.o(.text)
    __aeabi_memcpy4                          0x080001a7   Thumb Code     0  memmovea.o(.text)
    __aeabi_memmove                          0x080001a7   Thumb Code     0  memmovea.o(.text)
    __aeabi_memmove4                         0x080001a7   Thumb Code     0  memmovea.o(.text)
    __aeabi_memmove8                         0x080001a7   Thumb Code     0  memmovea.o(.text)
    __aeabi_memset                           0x080001e7   Thumb Code    14  memseta.o(.text)
    __aeabi_memset4                          0x080001e7   Thumb Code     0  memseta.o(.text)
    __aeabi_memset8                          0x080001e7   Thumb Code     0  memseta.o(.text)
    __aeabi_memclr                           0x080001f5   Thumb Code     4  memseta.o(.text)
    __aeabi_memclr4                          0x080001f5   Thumb Code     0  memseta.o(.text)
    __aeabi_memclr8                          0x080001f5   Thumb Code     0  memseta.o(.text)
    _memset$wrapper                          0x080001f9   Thumb Code    18  memseta.o(.text)
    strstr                                   0x0800020b   Thumb Code    36  strstr.o(.text)
    strncpy                                  0x0800022f   Thumb Code    24  strncpy.o(.text)
    strchr                                   0x08000247   Thumb Code    20  strchr.o(.text)
    strlen                                   0x0800025b   Thumb Code    14  strlen.o(.text)
    strcmp                                   0x08000269   Thumb Code    28  strcmp.o(.text)
    strcpy                                   0x08000285   Thumb Code    18  strcpy.o(.text)
    strncmp                                  0x08000297   Thumb Code    30  strncmp.o(.text)
    strrchr                                  0x080002b5   Thumb Code    32  strrchr.o(.text)
    atoi                                     0x080002d5   Thumb Code    26  atoi.o(.text)
    __aeabi_fadd                             0x080002ef   Thumb Code   164  fadd.o(.text)
    __aeabi_fsub                             0x08000393   Thumb Code     6  fadd.o(.text)
    __aeabi_frsub                            0x08000399   Thumb Code     6  fadd.o(.text)
    __aeabi_fmul                             0x0800039f   Thumb Code   100  fmul.o(.text)
    __aeabi_fdiv                             0x08000403   Thumb Code   124  fdiv.o(.text)
    __aeabi_i2f                              0x0800047f   Thumb Code    18  fflti.o(.text)
    __aeabi_ui2f                             0x08000491   Thumb Code    10  ffltui.o(.text)
    __aeabi_f2iz                             0x0800049b   Thumb Code    50  ffixi.o(.text)
    __aeabi_cfcmpeq                          0x080004cd   Thumb Code     0  cfcmple.o(.text)
    __aeabi_cfcmple                          0x080004cd   Thumb Code    20  cfcmple.o(.text)
    __aeabi_uidiv                            0x080004e1   Thumb Code     0  uidiv.o(.text)
    __aeabi_uidivmod                         0x080004e1   Thumb Code    44  uidiv.o(.text)
    __aeabi_llsl                             0x0800050d   Thumb Code    30  llshl.o(.text)
    _ll_shift_l                              0x0800050d   Thumb Code     0  llshl.o(.text)
    strtol                                   0x0800052b   Thumb Code   112  strtol.o(.text)
    __I$use$fp                               0x0800059b   Thumb Code     0  iusefp.o(.text)
    _float_round                             0x0800059b   Thumb Code    18  fepilogue.o(.text)
    _float_epilogue                          0x080005ad   Thumb Code    92  fepilogue.o(.text)
    __scatterload                            0x08000609   Thumb Code    28  init.o(.text)
    __scatterload_rt2                        0x08000609   Thumb Code     0  init.o(.text)
    __rt_ctype_table                         0x0800062d   Thumb Code     4  ctype_o.o(.text)
    _strtoul                                 0x08000635   Thumb Code   158  _strtoul.o(.text)
    _chval                                   0x080006d3   Thumb Code    28  _chval.o(.text)
    ADC_ConversionStop_Disable               0x080006f1   Thumb Code    86  stm32f1xx_hal_adc.o(i.ADC_ConversionStop_Disable)
    ADC_Enable                               0x08000749   Thumb Code   114  stm32f1xx_hal_adc.o(i.ADC_Enable)
    BH1750_Init                              0x080007c5   Thumb Code    48  bh1750.o(i.BH1750_Init)
    BH1750_ReadLux                           0x080007f9   Thumb Code    70  bh1750.o(i.BH1750_ReadLux)
    Build_MQTT_Topics                        0x08000849   Thumb Code   110  main.o(i.Build_MQTT_Topics)
    BusFault_Handler                         0x08000965   Thumb Code     2  stm32f1xx_it.o(i.BusFault_Handler)
    Buzzer_Off                               0x08000969   Thumb Code    12  buzzer.o(i.Buzzer_Off)
    Buzzer_On                                0x08000979   Thumb Code    10  buzzer.o(i.Buzzer_On)
    Clear_WIFI_RX_Buffer                     0x08000989   Thumb Code    22  bsp_esp01s.o(i.Clear_WIFI_RX_Buffer)
    DebugMon_Handler                         0x080009a9   Thumb Code     2  stm32f1xx_it.o(i.DebugMon_Handler)
    Display_Modify_Interface                 0x080009ad   Thumb Code   102  main.o(i.Display_Modify_Interface)
    Display_Sensor_Data                      0x08000a59   Thumb Code   154  main.o(i.Display_Sensor_Data)
    Error_Handler                            0x08000b4d   Thumb Code     4  main.o(i.Error_Handler)
    FLASH_PageErase                          0x08000b75   Thumb Code    28  stm32f1xx_hal_flash_ex.o(i.FLASH_PageErase)
    FLASH_WaitForLastOperation               0x08000c11   Thumb Code    80  stm32f1xx_hal_flash.o(i.FLASH_WaitForLastOperation)
    Flash_Read_Config                        0x08000c65   Thumb Code    74  flash_storage.o(i.Flash_Read_Config)
    Flash_Write_Config                       0x08000d11   Thumb Code   114  flash_storage.o(i.Flash_Write_Config)
    GetBuzzerStatus                          0x08000de9   Thumb Code    20  buzzer.o(i.GetBuzzerStatus)
    GetLedState                              0x08000e01   Thumb Code    20  led.o(i.GetLedState)
    GetRelayState                            0x08000e19   Thumb Code    38  relay.o(i.GetRelayState)
    HAL_ADC_ConfigChannel                    0x08000e45   Thumb Code   240  stm32f1xx_hal_adc.o(i.HAL_ADC_ConfigChannel)
    HAL_ADC_GetValue                         0x08000f41   Thumb Code     6  stm32f1xx_hal_adc.o(i.HAL_ADC_GetValue)
    HAL_ADC_Init                             0x08000f49   Thumb Code   272  stm32f1xx_hal_adc.o(i.HAL_ADC_Init)
    HAL_ADC_MspInit                          0x08001065   Thumb Code    76  adc.o(i.HAL_ADC_MspInit)
    HAL_ADC_PollForConversion                0x080010bd   Thumb Code   304  stm32f1xx_hal_adc.o(i.HAL_ADC_PollForConversion)
    HAL_ADC_Start                            0x080011f9   Thumb Code   184  stm32f1xx_hal_adc.o(i.HAL_ADC_Start)
    HAL_DMA_Abort                            0x080012b9   Thumb Code    70  stm32f1xx_hal_dma.o(i.HAL_DMA_Abort)
    HAL_DMA_Abort_IT                         0x08001301   Thumb Code   148  stm32f1xx_hal_dma.o(i.HAL_DMA_Abort_IT)
    HAL_Delay                                0x08001399   Thumb Code    32  stm32f1xx_hal.o(i.HAL_Delay)
    HAL_FLASHEx_Erase                        0x080013bd   Thumb Code   160  stm32f1xx_hal_flash_ex.o(i.HAL_FLASHEx_Erase)
    HAL_FLASH_GetError                       0x08001465   Thumb Code     6  stm32f1xx_hal_flash.o(i.HAL_FLASH_GetError)
    HAL_FLASH_Lock                           0x08001471   Thumb Code    14  stm32f1xx_hal_flash.o(i.HAL_FLASH_Lock)
    HAL_FLASH_Program                        0x08001485   Thumb Code   120  stm32f1xx_hal_flash.o(i.HAL_FLASH_Program)
    HAL_FLASH_Unlock                         0x08001505   Thumb Code    28  stm32f1xx_hal_flash.o(i.HAL_FLASH_Unlock)
    HAL_GPIO_Init                            0x0800152d   Thumb Code   446  stm32f1xx_hal_gpio.o(i.HAL_GPIO_Init)
    HAL_GPIO_ReadPin                         0x0800170d   Thumb Code    10  stm32f1xx_hal_gpio.o(i.HAL_GPIO_ReadPin)
    HAL_GPIO_WritePin                        0x08001717   Thumb Code    10  stm32f1xx_hal_gpio.o(i.HAL_GPIO_WritePin)
    HAL_GetTick                              0x08001721   Thumb Code     6  stm32f1xx_hal.o(i.HAL_GetTick)
    HAL_IncTick                              0x0800172d   Thumb Code    12  stm32f1xx_hal.o(i.HAL_IncTick)
    HAL_Init                                 0x0800173d   Thumb Code    32  stm32f1xx_hal.o(i.HAL_Init)
    HAL_InitTick                             0x08001761   Thumb Code    54  stm32f1xx_hal.o(i.HAL_InitTick)
    HAL_MspInit                              0x080017a1   Thumb Code    52  stm32f1xx_hal_msp.o(i.HAL_MspInit)
    HAL_NVIC_EnableIRQ                       0x080017dd   Thumb Code    26  stm32f1xx_hal_cortex.o(i.HAL_NVIC_EnableIRQ)
    HAL_NVIC_SetPriority                     0x080017f9   Thumb Code    60  stm32f1xx_hal_cortex.o(i.HAL_NVIC_SetPriority)
    HAL_NVIC_SetPriorityGrouping             0x08001839   Thumb Code    26  stm32f1xx_hal_cortex.o(i.HAL_NVIC_SetPriorityGrouping)
    HAL_RCCEx_GetPeriphCLKFreq               0x0800185d   Thumb Code   148  stm32f1xx_hal_rcc_ex.o(i.HAL_RCCEx_GetPeriphCLKFreq)
    HAL_RCCEx_PeriphCLKConfig                0x08001901   Thumb Code   224  stm32f1xx_hal_rcc_ex.o(i.HAL_RCCEx_PeriphCLKConfig)
    HAL_RCC_ClockConfig                      0x080019ed   Thumb Code   280  stm32f1xx_hal_rcc.o(i.HAL_RCC_ClockConfig)
    HAL_RCC_GetHCLKFreq                      0x08001b19   Thumb Code     6  stm32f1xx_hal_rcc.o(i.HAL_RCC_GetHCLKFreq)
    HAL_RCC_GetPCLK1Freq                     0x08001b25   Thumb Code    20  stm32f1xx_hal_rcc.o(i.HAL_RCC_GetPCLK1Freq)
    HAL_RCC_GetPCLK2Freq                     0x08001b45   Thumb Code    20  stm32f1xx_hal_rcc.o(i.HAL_RCC_GetPCLK2Freq)
    HAL_RCC_GetSysClockFreq                  0x08001b65   Thumb Code    58  stm32f1xx_hal_rcc.o(i.HAL_RCC_GetSysClockFreq)
    HAL_RCC_OscConfig                        0x08001bb1   Thumb Code   778  stm32f1xx_hal_rcc.o(i.HAL_RCC_OscConfig)
    HAL_SYSTICK_Config                       0x08001ed1   Thumb Code    40  stm32f1xx_hal_cortex.o(i.HAL_SYSTICK_Config)
    HAL_TIMEx_BreakCallback                  0x08001ef9   Thumb Code     2  stm32f1xx_hal_tim_ex.o(i.HAL_TIMEx_BreakCallback)
    HAL_TIMEx_CommutCallback                 0x08001efb   Thumb Code     2  stm32f1xx_hal_tim_ex.o(i.HAL_TIMEx_CommutCallback)
    HAL_TIMEx_MasterConfigSynchronization    0x08001efd   Thumb Code    92  stm32f1xx_hal_tim_ex.o(i.HAL_TIMEx_MasterConfigSynchronization)
    HAL_TIM_Base_Init                        0x08001f65   Thumb Code    90  stm32f1xx_hal_tim.o(i.HAL_TIM_Base_Init)
    HAL_TIM_Base_MspInit                     0x08001fc1   Thumb Code    50  tim.o(i.HAL_TIM_Base_MspInit)
    HAL_TIM_ConfigClockSource                0x08001ffd   Thumb Code   220  stm32f1xx_hal_tim.o(i.HAL_TIM_ConfigClockSource)
    HAL_TIM_IC_CaptureCallback               0x080020d9   Thumb Code     2  stm32f1xx_hal_tim.o(i.HAL_TIM_IC_CaptureCallback)
    HAL_TIM_IRQHandler                       0x080020db   Thumb Code   304  stm32f1xx_hal_tim.o(i.HAL_TIM_IRQHandler)
    HAL_TIM_OC_DelayElapsedCallback          0x0800220b   Thumb Code     2  stm32f1xx_hal_tim.o(i.HAL_TIM_OC_DelayElapsedCallback)
    HAL_TIM_PWM_PulseFinishedCallback        0x0800220d   Thumb Code     2  stm32f1xx_hal_tim.o(i.HAL_TIM_PWM_PulseFinishedCallback)
    HAL_TIM_PeriodElapsedCallback            0x0800220f   Thumb Code     2  stm32f1xx_hal_tim.o(i.HAL_TIM_PeriodElapsedCallback)
    HAL_TIM_TriggerCallback                  0x08002211   Thumb Code     2  stm32f1xx_hal_tim.o(i.HAL_TIM_TriggerCallback)
    HAL_UARTEx_RxEventCallback               0x08002213   Thumb Code     2  stm32f1xx_hal_uart.o(i.HAL_UARTEx_RxEventCallback)
    HAL_UART_ErrorCallback                   0x08002215   Thumb Code     2  stm32f1xx_hal_uart.o(i.HAL_UART_ErrorCallback)
    HAL_UART_IRQHandler                      0x08002219   Thumb Code   616  stm32f1xx_hal_uart.o(i.HAL_UART_IRQHandler)
    HAL_UART_Init                            0x08002485   Thumb Code   100  stm32f1xx_hal_uart.o(i.HAL_UART_Init)
    HAL_UART_MspInit                         0x080024e9   Thumb Code   186  usart.o(i.HAL_UART_MspInit)
    HAL_UART_Receive_IT                      0x080025b5   Thumb Code    28  stm32f1xx_hal_uart.o(i.HAL_UART_Receive_IT)
    HAL_UART_RxCpltCallback                  0x080025d1   Thumb Code     2  stm32f1xx_hal_uart.o(i.HAL_UART_RxCpltCallback)
    HAL_UART_Transmit                        0x080025d3   Thumb Code   160  stm32f1xx_hal_uart.o(i.HAL_UART_Transmit)
    HAL_UART_TxCpltCallback                  0x08002673   Thumb Code     2  stm32f1xx_hal_uart.o(i.HAL_UART_TxCpltCallback)
    HardFault_Handler                        0x08002675   Thumb Code     2  stm32f1xx_it.o(i.HardFault_Handler)
    Key_Scan                                 0x08002677   Thumb Code    86  key.o(i.Key_Scan)
    LedOff                                   0x080026cd   Thumb Code    10  led.o(i.LedOff)
    LedOn                                    0x080026dd   Thumb Code    10  led.o(i.LedOn)
    MQ2_ReadAverage                          0x080026ed   Thumb Code    52  mq2.o(i.MQ2_ReadAverage)
    MQ2_ReadPercentage                       0x08002721   Thumb Code    30  mq2.o(i.MQ2_ReadPercentage)
    MQ2_ReadRaw                              0x0800273f   Thumb Code    32  mq2.o(i.MQ2_ReadRaw)
    MX_ADC1_Init                             0x08002761   Thumb Code    70  adc.o(i.MX_ADC1_Init)
    MX_GPIO_Init                             0x080027b1   Thumb Code   142  gpio.o(i.MX_GPIO_Init)
    MX_TIM3_Init                             0x0800284d   Thumb Code    94  tim.o(i.MX_TIM3_Init)
    MX_USART1_UART_Init                      0x080028b5   Thumb Code    48  usart.o(i.MX_USART1_UART_Init)
    MX_USART2_UART_Init                      0x080028ed   Thumb Code    48  usart.o(i.MX_USART2_UART_Init)
    MemManage_Handler                        0x08002925   Thumb Code     2  stm32f1xx_it.o(i.MemManage_Handler)
    NMI_Handler                              0x08002927   Thumb Code     2  stm32f1xx_it.o(i.NMI_Handler)
    OLED_Clear                               0x08002929   Thumb Code    38  oled_s.o(i.OLED_Clear)
    OLED_I2C_Init                            0x08002951   Thumb Code    72  oled_s.o(i.OLED_I2C_Init)
    OLED_I2C_SendByte                        0x080029a1   Thumb Code    86  oled_s.o(i.OLED_I2C_SendByte)
    OLED_I2C_Start                           0x080029fd   Thumb Code    48  oled_s.o(i.OLED_I2C_Start)
    OLED_I2C_Stop                            0x08002a31   Thumb Code    38  oled_s.o(i.OLED_I2C_Stop)
    OLED_Init                                0x08002a5d   Thumb Code   168  oled_s.o(i.OLED_Init)
    OLED_SetCursor                           0x08002b09   Thumb Code    34  oled_s.o(i.OLED_SetCursor)
    OLED_Show16x16Icon                       0x08002b2d   Thumb Code   160  oled_s.o(i.OLED_Show16x16Icon)
    OLED_ShowChar                            0x08002bcd   Thumb Code    90  oled_s.o(i.OLED_ShowChar)
    OLED_ShowString                          0x08002c2d   Thumb Code    38  oled_s.o(i.OLED_ShowString)
    OLED_WriteCommand                        0x08002c53   Thumb Code    34  oled_s.o(i.OLED_WriteCommand)
    OLED_WriteData                           0x08002c75   Thumb Code    34  oled_s.o(i.OLED_WriteData)
    PIR_IsHumanDetected                      0x08002c99   Thumb Code    18  pir_sensor.o(i.PIR_IsHumanDetected)
    Parse_MQTT_Message                       0x08002cb1   Thumb Code   186  bsp_esp01s.o(i.Parse_MQTT_Message)
    PendSV_Handler                           0x08002d85   Thumb Code     2  stm32f1xx_it.o(i.PendSV_Handler)
    Process_Config_Data                      0x08002d89   Thumb Code   272  main.o(i.Process_Config_Data)
    Process_OneNet_Command                   0x08002f0d   Thumb Code   380  main.o(i.Process_OneNet_Command)
    Process_WIFI_RX                          0x080031bd   Thumb Code   230  bsp_esp01s.o(i.Process_WIFI_RX)
    Relay1_Off                               0x08003345   Thumb Code    12  relay.o(i.Relay1_Off)
    Relay1_On                                0x08003355   Thumb Code    10  relay.o(i.Relay1_On)
    Relay2_Off                               0x08003365   Thumb Code    12  relay.o(i.Relay2_Off)
    Relay2_On                                0x08003375   Thumb Code    10  relay.o(i.Relay2_On)
    Relay_Init                               0x08003385   Thumb Code    84  relay.o(i.Relay_Init)
    SHT30_Init                               0x080033e1   Thumb Code    68  sht30.o(i.SHT30_Init)
    SHT30_ReadData                           0x08003429   Thumb Code   204  sht30.o(i.SHT30_ReadData)
    SVC_Handler                              0x08003509   Thumb Code     2  stm32f1xx_it.o(i.SVC_Handler)
    Send_Data_to_OneNet                      0x0800350d   Thumb Code   282  main.o(i.Send_Data_to_OneNet)
    Soft_I2C_Ack                             0x08003665   Thumb Code    76  soft_i2c.o(i.Soft_I2C_Ack)
    Soft_I2C_Init                            0x080036b5   Thumb Code    72  soft_i2c.o(i.Soft_I2C_Init)
    Soft_I2C_NAck                            0x08003705   Thumb Code    76  soft_i2c.o(i.Soft_I2C_NAck)
    Soft_I2C_Read_Byte                       0x08003755   Thumb Code   108  soft_i2c.o(i.Soft_I2C_Read_Byte)
    Soft_I2C_Send_Byte                       0x080037c5   Thumb Code   108  soft_i2c.o(i.Soft_I2C_Send_Byte)
    Soft_I2C_Start                           0x08003835   Thumb Code    78  soft_i2c.o(i.Soft_I2C_Start)
    Soft_I2C_Stop                            0x08003889   Thumb Code    78  soft_i2c.o(i.Soft_I2C_Stop)
    Soft_I2C_Wait_Ack                        0x080038dd   Thumb Code    98  soft_i2c.o(i.Soft_I2C_Wait_Ack)
    SysTick_Handler                          0x08003945   Thumb Code     4  stm32f1xx_it.o(i.SysTick_Handler)
    SystemClock_Config                       0x08003949   Thumb Code   120  main.o(i.SystemClock_Config)
    SystemInit                               0x080039c1   Thumb Code     2  system_stm32f1xx.o(i.SystemInit)
    TIM3_IRQHandler                          0x080039c5   Thumb Code     6  stm32f1xx_it.o(i.TIM3_IRQHandler)
    TIM_Base_SetConfig                       0x080039d1   Thumb Code   108  stm32f1xx_hal_tim.o(i.TIM_Base_SetConfig)
    TIM_ETR_SetConfig                        0x08003a49   Thumb Code    20  stm32f1xx_hal_tim.o(i.TIM_ETR_SetConfig)
    UART_Start_Receive_IT                    0x08003c8d   Thumb Code    54  stm32f1xx_hal_uart.o(i.UART_Start_Receive_IT)
    USART2_IRQHandler                        0x08003d35   Thumb Code   130  stm32f1xx_it.o(i.USART2_IRQHandler)
    UsageFault_Handler                       0x08003dc9   Thumb Code     2  stm32f1xx_it.o(i.UsageFault_Handler)
    WIFI_ESP01S_Init                         0x08003dcd   Thumb Code    48  bsp_esp01s.o(i.WIFI_ESP01S_Init)
    WIFI_MQTT_Connect                        0x08003e1d   Thumb Code   162  bsp_esp01s.o(i.WIFI_MQTT_Connect)
    WIFI_MQTT_Publish                        0x08003fa1   Thumb Code    64  bsp_esp01s.o(i.WIFI_MQTT_Publish)
    WIFI_MQTT_Subscribe                      0x08004005   Thumb Code    42  bsp_esp01s.o(i.WIFI_MQTT_Subscribe)
    WIFI_STA_Connect                         0x08004051   Thumb Code   142  bsp_esp01s.o(i.WIFI_STA_Connect)
    WIFI_Send_AT_Cmd                         0x08004145   Thumb Code    98  bsp_esp01s.o(i.WIFI_Send_AT_Cmd)
    WIFI_Set_Mode                            0x080041b1   Thumb Code    30  bsp_esp01s.o(i.WIFI_Set_Mode)
    WIFI_Start_AP                            0x080041e5   Thumb Code    56  bsp_esp01s.o(i.WIFI_Start_AP)
    WIFI_Start_Server                        0x0800424d   Thumb Code    52  bsp_esp01s.o(i.WIFI_Start_Server)
    WIFI_USART_Send_String                   0x080042a9   Thumb Code    26  bsp_esp01s.o(i.WIFI_USART_Send_String)
    __0printf$3                              0x080042c9   Thumb Code    22  printf3.o(i.__0printf$3)
    __1printf$3                              0x080042c9   Thumb Code     0  printf3.o(i.__0printf$3)
    __2printf                                0x080042c9   Thumb Code     0  printf3.o(i.__0printf$3)
    __0snprintf$3                            0x080042e9   Thumb Code    44  printf3.o(i.__0snprintf$3)
    __1snprintf$3                            0x080042e9   Thumb Code     0  printf3.o(i.__0snprintf$3)
    __2snprintf                              0x080042e9   Thumb Code     0  printf3.o(i.__0snprintf$3)
    __0sprintf$3                             0x08004319   Thumb Code    34  printf3.o(i.__0sprintf$3)
    __1sprintf$3                             0x08004319   Thumb Code     0  printf3.o(i.__0sprintf$3)
    __2sprintf                               0x08004319   Thumb Code     0  printf3.o(i.__0sprintf$3)
    __aeabi_errno_addr                       0x08004361   Thumb Code     4  errno.o(i.__aeabi_errno_addr)
    __rt_errno_addr                          0x08004361   Thumb Code     0  errno.o(i.__aeabi_errno_addr)
    __scatterload_copy                       0x08004369   Thumb Code    14  handlers.o(i.__scatterload_copy)
    __scatterload_null                       0x08004377   Thumb Code     2  handlers.o(i.__scatterload_null)
    __scatterload_zeroinit                   0x08004379   Thumb Code    14  handlers.o(i.__scatterload_zeroinit)
    extract_json_id                          0x0800457d   Thumb Code    76  main.o(i.extract_json_id)
    extract_json_string                      0x080045d1   Thumb Code    78  main.o(i.extract_json_string)
    fputc                                    0x08004629   Thumb Code    20  usart.o(i.fputc)
    get_param_value                          0x08004641   Thumb Code   108  main.o(i.get_param_value)
    main                                     0x080046c5   Thumb Code   836  main.o(i.main)
    wifi_icon_16x16                          0x08004bc4   Data          32  oled_s.o(.constdata)
    mqtt_icon_16x16                          0x08004be4   Data          32  oled_s.o(.constdata)
    security_icon_16x16                      0x08004c04   Data          32  oled_s.o(.constdata)
    blank_icon_16x16                         0x08004c24   Data          32  oled_s.o(.constdata)
    OLED_F8x16                               0x08004c44   Data        1520  oled_s.o(.constdata)
    AHBPrescTable                            0x08005278   Data          16  system_stm32f1xx.o(.constdata)
    APBPrescTable                            0x08005288   Data           8  system_stm32f1xx.o(.constdata)
    __ctype_table                            0x08005290   Data         129  ctype_o.o(.constdata)
    Region$$Table$$Base                      0x08005444   Number         0  anon$$obj.o(Region$$Table)
    Region$$Table$$Limit                     0x08005464   Number         0  anon$$obj.o(Region$$Table)
    WIFI_RX_FLAG                             0x20000004   Data           1  bsp_esp01s.o(.data)
    wifi_connected_flag                      0x20000005   Data           1  bsp_esp01s.o(.data)
    mqtt_connected_flag                      0x20000006   Data           1  bsp_esp01s.o(.data)
    WIFI_RX_LEN                              0x20000008   Data           2  bsp_esp01s.o(.data)
    g_reply_pending                          0x20000014   Data           1  main.o(.data)
    key1_state                               0x2000001a   Data           1  main.o(.data)
    key2_state                               0x2000001b   Data           1  main.o(.data)
    key3_state                               0x2000001c   Data           1  main.o(.data)
    lastDataSend                             0x20000020   Data           4  main.o(.data)
    uwTickFreq                               0x20000054   Data           1  stm32f1xx_hal.o(.data)
    uwTickPrio                               0x20000058   Data           4  stm32f1xx_hal.o(.data)
    uwTick                                   0x2000005c   Data           4  stm32f1xx_hal.o(.data)
    SystemCoreClock                          0x20000060   Data           4  system_stm32f1xx.o(.data)
    __stdout                                 0x20000064   Data           4  stdout.o(.data)
    WIFI_RX_BUFFER                           0x2000006c   Data         512  bsp_esp01s.o(.bss)
    g_reply_payload                          0x2000026c   Data         128  main.o(.bss)
    MQTT_TOPIC_POST                          0x200002ec   Data         128  main.o(.bss)
    MQTT_TOPIC_SET                           0x2000036c   Data         128  main.o(.bss)
    MQTT_TOPIC_REPLY                         0x200003ec   Data         128  main.o(.bss)
    mqtt_payload                             0x2000046c   Data         512  main.o(.bss)
    display_buffer                           0x2000066c   Data          32  main.o(.bss)
    modify_buffer                            0x2000068c   Data          32  main.o(.bss)
    hadc1                                    0x200006ac   Data          48  adc.o(.bss)
    hi2c1                                    0x200006dc   Data          84  i2c.o(.bss)
    htim3                                    0x20000730   Data          72  tim.o(.bss)
    huart1                                   0x20000778   Data          72  usart.o(.bss)
    huart2                                   0x200007c0   Data          72  usart.o(.bss)
    sys_config                               0x20000808   Data         428  flash_storage.o(.bss)
    pFlash                                   0x200009b8   Data          32  stm32f1xx_hal_flash.o(.bss)
    __initial_sp                             0x20000dd8   Data           0  startup_stm32f103xb.o(STACK)



==============================================================================

Memory Map of the image

  Image Entry point : 0x080000ed

  Load Region LR_IROM1 (Base: 0x08000000, Size: 0x000054d0, Max: 0x00010000, ABSOLUTE)

    Execution Region ER_IROM1 (Exec base: 0x08000000, Load base: 0x08000000, Size: 0x00005464, Max: 0x00010000, ABSOLUTE)

    Exec Addr    Load Addr    Size         Type   Attr      Idx    E Section Name        Object

    0x08000000   0x08000000   0x000000ec   Data   RO            3    RESET               startup_stm32f103xb.o
    0x080000ec   0x080000ec   0x00000000   Code   RO         4349  * .ARM.Collect$$$$00000000  mc_w.l(entry.o)
    0x080000ec   0x080000ec   0x00000004   Code   RO         4661    .ARM.Collect$$$$00000001  mc_w.l(entry2.o)
    0x080000f0   0x080000f0   0x00000004   Code   RO         4664    .ARM.Collect$$$$00000004  mc_w.l(entry5.o)
    0x080000f4   0x080000f4   0x00000000   Code   RO         4666    .ARM.Collect$$$$00000008  mc_w.l(entry7b.o)
    0x080000f4   0x080000f4   0x00000000   Code   RO         4668    .ARM.Collect$$$$0000000A  mc_w.l(entry8b.o)
    0x080000f4   0x080000f4   0x00000008   Code   RO         4669    .ARM.Collect$$$$0000000B  mc_w.l(entry9a.o)
    0x080000fc   0x080000fc   0x00000000   Code   RO         4671    .ARM.Collect$$$$0000000D  mc_w.l(entry10a.o)
    0x080000fc   0x080000fc   0x00000000   Code   RO         4673    .ARM.Collect$$$$0000000F  mc_w.l(entry11a.o)
    0x080000fc   0x080000fc   0x00000004   Code   RO         4662    .ARM.Collect$$$$00002712  mc_w.l(entry2.o)
    0x08000100   0x08000100   0x00000024   Code   RO            4    .text               startup_stm32f103xb.o
    0x08000124   0x08000124   0x00000062   Code   RO         4352    .text               mc_w.l(uldiv.o)
    0x08000186   0x08000186   0x00000020   Code   RO         4354    .text               mc_w.l(llushr.o)
    0x080001a6   0x080001a6   0x00000040   Code   RO         4358    .text               mc_w.l(memmovea.o)
    0x080001e6   0x080001e6   0x00000024   Code   RO         4360    .text               mc_w.l(memseta.o)
    0x0800020a   0x0800020a   0x00000024   Code   RO         4362    .text               mc_w.l(strstr.o)
    0x0800022e   0x0800022e   0x00000018   Code   RO         4364    .text               mc_w.l(strncpy.o)
    0x08000246   0x08000246   0x00000014   Code   RO         4366    .text               mc_w.l(strchr.o)
    0x0800025a   0x0800025a   0x0000000e   Code   RO         4368    .text               mc_w.l(strlen.o)
    0x08000268   0x08000268   0x0000001c   Code   RO         4370    .text               mc_w.l(strcmp.o)
    0x08000284   0x08000284   0x00000012   Code   RO         4372    .text               mc_w.l(strcpy.o)
    0x08000296   0x08000296   0x0000001e   Code   RO         4374    .text               mc_w.l(strncmp.o)
    0x080002b4   0x080002b4   0x00000020   Code   RO         4376    .text               mc_w.l(strrchr.o)
    0x080002d4   0x080002d4   0x0000001a   Code   RO         4643    .text               mc_w.l(atoi.o)
    0x080002ee   0x080002ee   0x000000b0   Code   RO         4645    .text               mf_w.l(fadd.o)
    0x0800039e   0x0800039e   0x00000064   Code   RO         4647    .text               mf_w.l(fmul.o)
    0x08000402   0x08000402   0x0000007c   Code   RO         4649    .text               mf_w.l(fdiv.o)
    0x0800047e   0x0800047e   0x00000012   Code   RO         4653    .text               mf_w.l(fflti.o)
    0x08000490   0x08000490   0x0000000a   Code   RO         4655    .text               mf_w.l(ffltui.o)
    0x0800049a   0x0800049a   0x00000032   Code   RO         4657    .text               mf_w.l(ffixi.o)
    0x080004cc   0x080004cc   0x00000014   Code   RO         4659    .text               mf_w.l(cfcmple.o)
    0x080004e0   0x080004e0   0x0000002c   Code   RO         4676    .text               mc_w.l(uidiv.o)
    0x0800050c   0x0800050c   0x0000001e   Code   RO         4678    .text               mc_w.l(llshl.o)
    0x0800052a   0x0800052a   0x00000070   Code   RO         4687    .text               mc_w.l(strtol.o)
    0x0800059a   0x0800059a   0x00000000   Code   RO         4689    .text               mc_w.l(iusefp.o)
    0x0800059a   0x0800059a   0x0000006e   Code   RO         4690    .text               mf_w.l(fepilogue.o)
    0x08000608   0x08000608   0x00000024   Code   RO         4702    .text               mc_w.l(init.o)
    0x0800062c   0x0800062c   0x00000008   Code   RO         4706    .text               mc_w.l(ctype_o.o)
    0x08000634   0x08000634   0x0000009e   Code   RO         4734    .text               mc_w.l(_strtoul.o)
    0x080006d2   0x080006d2   0x0000001c   Code   RO         4738    .text               mc_w.l(_chval.o)
    0x080006ee   0x080006ee   0x00000002   PAD
    0x080006f0   0x080006f0   0x00000056   Code   RO         1288    i.ADC_ConversionStop_Disable  stm32f1xx_hal_adc.o
    0x08000746   0x08000746   0x00000002   PAD
    0x08000748   0x08000748   0x0000007c   Code   RO         1292    i.ADC_Enable        stm32f1xx_hal_adc.o
    0x080007c4   0x080007c4   0x00000034   Code   RO           13    i.BH1750_Init       bh1750.o
    0x080007f8   0x080007f8   0x00000050   Code   RO           14    i.BH1750_ReadLux    bh1750.o
    0x08000848   0x08000848   0x0000011c   Code   RO          747    i.Build_MQTT_Topics  main.o
    0x08000964   0x08000964   0x00000002   Code   RO         1080    i.BusFault_Handler  stm32f1xx_it.o
    0x08000966   0x08000966   0x00000002   PAD
    0x08000968   0x08000968   0x00000010   Code   RO          276    i.Buzzer_Off        buzzer.o
    0x08000978   0x08000978   0x00000010   Code   RO          277    i.Buzzer_On         buzzer.o
    0x08000988   0x08000988   0x00000020   Code   RO          149    i.Clear_WIFI_RX_Buffer  bsp_esp01s.o
    0x080009a8   0x080009a8   0x00000002   Code   RO         1081    i.DebugMon_Handler  stm32f1xx_it.o
    0x080009aa   0x080009aa   0x00000002   PAD
    0x080009ac   0x080009ac   0x000000ac   Code   RO          748    i.Display_Modify_Interface  main.o
    0x08000a58   0x08000a58   0x000000f4   Code   RO          749    i.Display_Sensor_Data  main.o
    0x08000b4c   0x08000b4c   0x00000004   Code   RO          750    i.Error_Handler     main.o
    0x08000b50   0x08000b50   0x00000024   Code   RO         2384    i.FLASH_MassErase   stm32f1xx_hal_flash_ex.o
    0x08000b74   0x08000b74   0x00000024   Code   RO         2389    i.FLASH_PageErase   stm32f1xx_hal_flash_ex.o
    0x08000b98   0x08000b98   0x0000001c   Code   RO         2281    i.FLASH_Program_HalfWord  stm32f1xx_hal_flash.o
    0x08000bb4   0x08000bb4   0x0000005c   Code   RO         2282    i.FLASH_SetErrorCode  stm32f1xx_hal_flash.o
    0x08000c10   0x08000c10   0x00000054   Code   RO         2283    i.FLASH_WaitForLastOperation  stm32f1xx_hal_flash.o
    0x08000c64   0x08000c64   0x000000ac   Code   RO         1216    i.Flash_Read_Config  flash_storage.o
    0x08000d10   0x08000d10   0x000000d8   Code   RO         1217    i.Flash_Write_Config  flash_storage.o
    0x08000de8   0x08000de8   0x00000018   Code   RO          278    i.GetBuzzerStatus   buzzer.o
    0x08000e00   0x08000e00   0x00000018   Code   RO          324    i.GetLedState       led.o
    0x08000e18   0x08000e18   0x0000002c   Code   RO          485    i.GetRelayState     relay.o
    0x08000e44   0x08000e44   0x000000fc   Code   RO         1294    i.HAL_ADC_ConfigChannel  stm32f1xx_hal_adc.o
    0x08000f40   0x08000f40   0x00000006   Code   RO         1301    i.HAL_ADC_GetValue  stm32f1xx_hal_adc.o
    0x08000f46   0x08000f46   0x00000002   PAD
    0x08000f48   0x08000f48   0x0000011c   Code   RO         1303    i.HAL_ADC_Init      stm32f1xx_hal_adc.o
    0x08001064   0x08001064   0x00000058   Code   RO          900    i.HAL_ADC_MspInit   adc.o
    0x080010bc   0x080010bc   0x0000013c   Code   RO         1307    i.HAL_ADC_PollForConversion  stm32f1xx_hal_adc.o
    0x080011f8   0x080011f8   0x000000c0   Code   RO         1309    i.HAL_ADC_Start     stm32f1xx_hal_adc.o
    0x080012b8   0x080012b8   0x00000046   Code   RO         1945    i.HAL_DMA_Abort     stm32f1xx_hal_dma.o
    0x080012fe   0x080012fe   0x00000002   PAD
    0x08001300   0x08001300   0x00000098   Code   RO         1946    i.HAL_DMA_Abort_IT  stm32f1xx_hal_dma.o
    0x08001398   0x08001398   0x00000024   Code   RO         1571    i.HAL_Delay         stm32f1xx_hal.o
    0x080013bc   0x080013bc   0x000000a8   Code   RO         2390    i.HAL_FLASHEx_Erase  stm32f1xx_hal_flash_ex.o
    0x08001464   0x08001464   0x0000000c   Code   RO         2285    i.HAL_FLASH_GetError  stm32f1xx_hal_flash.o
    0x08001470   0x08001470   0x00000014   Code   RO         2287    i.HAL_FLASH_Lock    stm32f1xx_hal_flash.o
    0x08001484   0x08001484   0x00000080   Code   RO         2292    i.HAL_FLASH_Program  stm32f1xx_hal_flash.o
    0x08001504   0x08001504   0x00000028   Code   RO         2294    i.HAL_FLASH_Unlock  stm32f1xx_hal_flash.o
    0x0800152c   0x0800152c   0x000001e0   Code   RO         1881    i.HAL_GPIO_Init     stm32f1xx_hal_gpio.o
    0x0800170c   0x0800170c   0x0000000a   Code   RO         1883    i.HAL_GPIO_ReadPin  stm32f1xx_hal_gpio.o
    0x08001716   0x08001716   0x0000000a   Code   RO         1885    i.HAL_GPIO_WritePin  stm32f1xx_hal_gpio.o
    0x08001720   0x08001720   0x0000000c   Code   RO         1575    i.HAL_GetTick       stm32f1xx_hal.o
    0x0800172c   0x0800172c   0x00000010   Code   RO         1581    i.HAL_IncTick       stm32f1xx_hal.o
    0x0800173c   0x0800173c   0x00000024   Code   RO         1582    i.HAL_Init          stm32f1xx_hal.o
    0x08001760   0x08001760   0x00000040   Code   RO         1583    i.HAL_InitTick      stm32f1xx_hal.o
    0x080017a0   0x080017a0   0x0000003c   Code   RO         1168    i.HAL_MspInit       stm32f1xx_hal_msp.o
    0x080017dc   0x080017dc   0x0000001a   Code   RO         2041    i.HAL_NVIC_EnableIRQ  stm32f1xx_hal_cortex.o
    0x080017f6   0x080017f6   0x00000002   PAD
    0x080017f8   0x080017f8   0x00000040   Code   RO         2047    i.HAL_NVIC_SetPriority  stm32f1xx_hal_cortex.o
    0x08001838   0x08001838   0x00000024   Code   RO         2048    i.HAL_NVIC_SetPriorityGrouping  stm32f1xx_hal_cortex.o
    0x0800185c   0x0800185c   0x000000a4   Code   RO         1842    i.HAL_RCCEx_GetPeriphCLKFreq  stm32f1xx_hal_rcc_ex.o
    0x08001900   0x08001900   0x000000ec   Code   RO         1843    i.HAL_RCCEx_PeriphCLKConfig  stm32f1xx_hal_rcc_ex.o
    0x080019ec   0x080019ec   0x0000012c   Code   RO         1739    i.HAL_RCC_ClockConfig  stm32f1xx_hal_rcc.o
    0x08001b18   0x08001b18   0x0000000c   Code   RO         1744    i.HAL_RCC_GetHCLKFreq  stm32f1xx_hal_rcc.o
    0x08001b24   0x08001b24   0x00000020   Code   RO         1746    i.HAL_RCC_GetPCLK1Freq  stm32f1xx_hal_rcc.o
    0x08001b44   0x08001b44   0x00000020   Code   RO         1747    i.HAL_RCC_GetPCLK2Freq  stm32f1xx_hal_rcc.o
    0x08001b64   0x08001b64   0x0000004c   Code   RO         1748    i.HAL_RCC_GetSysClockFreq  stm32f1xx_hal_rcc.o
    0x08001bb0   0x08001bb0   0x00000320   Code   RO         1751    i.HAL_RCC_OscConfig  stm32f1xx_hal_rcc.o
    0x08001ed0   0x08001ed0   0x00000028   Code   RO         2052    i.HAL_SYSTICK_Config  stm32f1xx_hal_cortex.o
    0x08001ef8   0x08001ef8   0x00000002   Code   RO         3684    i.HAL_TIMEx_BreakCallback  stm32f1xx_hal_tim_ex.o
    0x08001efa   0x08001efa   0x00000002   Code   RO         3685    i.HAL_TIMEx_CommutCallback  stm32f1xx_hal_tim_ex.o
    0x08001efc   0x08001efc   0x00000068   Code   RO         3703    i.HAL_TIMEx_MasterConfigSynchronization  stm32f1xx_hal_tim_ex.o
    0x08001f64   0x08001f64   0x0000005a   Code   RO         2980    i.HAL_TIM_Base_Init  stm32f1xx_hal_tim.o
    0x08001fbe   0x08001fbe   0x00000002   PAD
    0x08001fc0   0x08001fc0   0x0000003c   Code   RO          985    i.HAL_TIM_Base_MspInit  tim.o
    0x08001ffc   0x08001ffc   0x000000dc   Code   RO         2989    i.HAL_TIM_ConfigClockSource  stm32f1xx_hal_tim.o
    0x080020d8   0x080020d8   0x00000002   Code   RO         3014    i.HAL_TIM_IC_CaptureCallback  stm32f1xx_hal_tim.o
    0x080020da   0x080020da   0x00000130   Code   RO         3028    i.HAL_TIM_IRQHandler  stm32f1xx_hal_tim.o
    0x0800220a   0x0800220a   0x00000002   Code   RO         3031    i.HAL_TIM_OC_DelayElapsedCallback  stm32f1xx_hal_tim.o
    0x0800220c   0x0800220c   0x00000002   Code   RO         3058    i.HAL_TIM_PWM_PulseFinishedCallback  stm32f1xx_hal_tim.o
    0x0800220e   0x0800220e   0x00000002   Code   RO         3066    i.HAL_TIM_PeriodElapsedCallback  stm32f1xx_hal_tim.o
    0x08002210   0x08002210   0x00000002   Code   RO         3071    i.HAL_TIM_TriggerCallback  stm32f1xx_hal_tim.o
    0x08002212   0x08002212   0x00000002   Code   RO         3963    i.HAL_UARTEx_RxEventCallback  stm32f1xx_hal_uart.o
    0x08002214   0x08002214   0x00000002   Code   RO         3977    i.HAL_UART_ErrorCallback  stm32f1xx_hal_uart.o
    0x08002216   0x08002216   0x00000002   PAD
    0x08002218   0x08002218   0x0000026c   Code   RO         3980    i.HAL_UART_IRQHandler  stm32f1xx_hal_uart.o
    0x08002484   0x08002484   0x00000064   Code   RO         3981    i.HAL_UART_Init     stm32f1xx_hal_uart.o
    0x080024e8   0x080024e8   0x000000cc   Code   RO         1027    i.HAL_UART_MspInit  usart.o
    0x080025b4   0x080025b4   0x0000001c   Code   RO         3986    i.HAL_UART_Receive_IT  stm32f1xx_hal_uart.o
    0x080025d0   0x080025d0   0x00000002   Code   RO         3987    i.HAL_UART_RxCpltCallback  stm32f1xx_hal_uart.o
    0x080025d2   0x080025d2   0x000000a0   Code   RO         3989    i.HAL_UART_Transmit  stm32f1xx_hal_uart.o
    0x08002672   0x08002672   0x00000002   Code   RO         3992    i.HAL_UART_TxCpltCallback  stm32f1xx_hal_uart.o
    0x08002674   0x08002674   0x00000002   Code   RO         1082    i.HardFault_Handler  stm32f1xx_it.o
    0x08002676   0x08002676   0x00000056   Code   RO         1192    i.Key_Scan          key.o
    0x080026cc   0x080026cc   0x00000010   Code   RO          325    i.LedOff            led.o
    0x080026dc   0x080026dc   0x00000010   Code   RO          326    i.LedOn             led.o
    0x080026ec   0x080026ec   0x00000034   Code   RO          364    i.MQ2_ReadAverage   mq2.o
    0x08002720   0x08002720   0x0000001e   Code   RO          365    i.MQ2_ReadPercentage  mq2.o
    0x0800273e   0x0800273e   0x00000020   Code   RO          366    i.MQ2_ReadRaw       mq2.o
    0x0800275e   0x0800275e   0x00000002   PAD
    0x08002760   0x08002760   0x00000050   Code   RO          901    i.MX_ADC1_Init      adc.o
    0x080027b0   0x080027b0   0x0000009c   Code   RO          875    i.MX_GPIO_Init      gpio.o
    0x0800284c   0x0800284c   0x00000068   Code   RO          986    i.MX_TIM3_Init      tim.o
    0x080028b4   0x080028b4   0x00000038   Code   RO         1028    i.MX_USART1_UART_Init  usart.o
    0x080028ec   0x080028ec   0x00000038   Code   RO         1029    i.MX_USART2_UART_Init  usart.o
    0x08002924   0x08002924   0x00000002   Code   RO         1083    i.MemManage_Handler  stm32f1xx_it.o
    0x08002926   0x08002926   0x00000002   Code   RO         1084    i.NMI_Handler       stm32f1xx_it.o
    0x08002928   0x08002928   0x00000026   Code   RO          619    i.OLED_Clear        oled_s.o
    0x0800294e   0x0800294e   0x00000002   PAD
    0x08002950   0x08002950   0x00000050   Code   RO          620    i.OLED_I2C_Init     oled_s.o
    0x080029a0   0x080029a0   0x0000005c   Code   RO          621    i.OLED_I2C_SendByte  oled_s.o
    0x080029fc   0x080029fc   0x00000034   Code   RO          622    i.OLED_I2C_Start    oled_s.o
    0x08002a30   0x08002a30   0x0000002c   Code   RO          623    i.OLED_I2C_Stop     oled_s.o
    0x08002a5c   0x08002a5c   0x000000ac   Code   RO          624    i.OLED_Init         oled_s.o
    0x08002b08   0x08002b08   0x00000022   Code   RO          626    i.OLED_SetCursor    oled_s.o
    0x08002b2a   0x08002b2a   0x00000002   PAD
    0x08002b2c   0x08002b2c   0x000000a0   Code   RO          627    i.OLED_Show16x16Icon  oled_s.o
    0x08002bcc   0x08002bcc   0x00000060   Code   RO          629    i.OLED_ShowChar     oled_s.o
    0x08002c2c   0x08002c2c   0x00000026   Code   RO          633    i.OLED_ShowString   oled_s.o
    0x08002c52   0x08002c52   0x00000022   Code   RO          634    i.OLED_WriteCommand  oled_s.o
    0x08002c74   0x08002c74   0x00000022   Code   RO          635    i.OLED_WriteData    oled_s.o
    0x08002c96   0x08002c96   0x00000002   PAD
    0x08002c98   0x08002c98   0x00000018   Code   RO          415    i.PIR_IsHumanDetected  pir_sensor.o
    0x08002cb0   0x08002cb0   0x000000d4   Code   RO          150    i.Parse_MQTT_Message  bsp_esp01s.o
    0x08002d84   0x08002d84   0x00000002   Code   RO         1085    i.PendSV_Handler    stm32f1xx_it.o
    0x08002d86   0x08002d86   0x00000002   PAD
    0x08002d88   0x08002d88   0x00000184   Code   RO          751    i.Process_Config_Data  main.o
    0x08002f0c   0x08002f0c   0x000002b0   Code   RO          752    i.Process_OneNet_Command  main.o
    0x080031bc   0x080031bc   0x00000188   Code   RO          151    i.Process_WIFI_RX   bsp_esp01s.o
    0x08003344   0x08003344   0x00000010   Code   RO          486    i.Relay1_Off        relay.o
    0x08003354   0x08003354   0x00000010   Code   RO          487    i.Relay1_On         relay.o
    0x08003364   0x08003364   0x00000010   Code   RO          488    i.Relay2_Off        relay.o
    0x08003374   0x08003374   0x00000010   Code   RO          489    i.Relay2_On         relay.o
    0x08003384   0x08003384   0x0000005c   Code   RO          491    i.Relay_Init        relay.o
    0x080033e0   0x080033e0   0x00000048   Code   RO          447    i.SHT30_Init        sht30.o
    0x08003428   0x08003428   0x000000e0   Code   RO          448    i.SHT30_ReadData    sht30.o
    0x08003508   0x08003508   0x00000002   Code   RO         1086    i.SVC_Handler       stm32f1xx_it.o
    0x0800350a   0x0800350a   0x00000002   PAD
    0x0800350c   0x0800350c   0x00000158   Code   RO          753    i.Send_Data_to_OneNet  main.o
    0x08003664   0x08003664   0x00000050   Code   RO          548    i.Soft_I2C_Ack      soft_i2c.o
    0x080036b4   0x080036b4   0x00000050   Code   RO          549    i.Soft_I2C_Init     soft_i2c.o
    0x08003704   0x08003704   0x00000050   Code   RO          550    i.Soft_I2C_NAck     soft_i2c.o
    0x08003754   0x08003754   0x00000070   Code   RO          551    i.Soft_I2C_Read_Byte  soft_i2c.o
    0x080037c4   0x080037c4   0x00000070   Code   RO          552    i.Soft_I2C_Send_Byte  soft_i2c.o
    0x08003834   0x08003834   0x00000054   Code   RO          553    i.Soft_I2C_Start    soft_i2c.o
    0x08003888   0x08003888   0x00000054   Code   RO          554    i.Soft_I2C_Stop     soft_i2c.o
    0x080038dc   0x080038dc   0x00000068   Code   RO          555    i.Soft_I2C_Wait_Ack  soft_i2c.o
    0x08003944   0x08003944   0x00000004   Code   RO         1087    i.SysTick_Handler   stm32f1xx_it.o
    0x08003948   0x08003948   0x00000078   Code   RO          754    i.SystemClock_Config  main.o
    0x080039c0   0x080039c0   0x00000002   Code   RO         4315    i.SystemInit        system_stm32f1xx.o
    0x080039c2   0x080039c2   0x00000002   PAD
    0x080039c4   0x080039c4   0x0000000c   Code   RO         1088    i.TIM3_IRQHandler   stm32f1xx_it.o
    0x080039d0   0x080039d0   0x00000078   Code   RO         3073    i.TIM_Base_SetConfig  stm32f1xx_hal_tim.o
    0x08003a48   0x08003a48   0x00000014   Code   RO         3084    i.TIM_ETR_SetConfig  stm32f1xx_hal_tim.o
    0x08003a5c   0x08003a5c   0x00000010   Code   RO         3085    i.TIM_ITRx_SetConfig  stm32f1xx_hal_tim.o
    0x08003a6c   0x08003a6c   0x00000022   Code   RO         3091    i.TIM_TI1_ConfigInputStage  stm32f1xx_hal_tim.o
    0x08003a8e   0x08003a8e   0x00000024   Code   RO         3093    i.TIM_TI2_ConfigInputStage  stm32f1xx_hal_tim.o
    0x08003ab2   0x08003ab2   0x00000010   Code   RO         3994    i.UART_DMAAbortOnError  stm32f1xx_hal_uart.o
    0x08003ac2   0x08003ac2   0x0000004e   Code   RO         4004    i.UART_EndRxTransfer  stm32f1xx_hal_uart.o
    0x08003b10   0x08003b10   0x000000c2   Code   RO         4006    i.UART_Receive_IT   stm32f1xx_hal_uart.o
    0x08003bd2   0x08003bd2   0x00000002   PAD
    0x08003bd4   0x08003bd4   0x000000b8   Code   RO         4007    i.UART_SetConfig    stm32f1xx_hal_uart.o
    0x08003c8c   0x08003c8c   0x00000036   Code   RO         4009    i.UART_Start_Receive_IT  stm32f1xx_hal_uart.o
    0x08003cc2   0x08003cc2   0x00000072   Code   RO         4010    i.UART_WaitOnFlagUntilTimeout  stm32f1xx_hal_uart.o
    0x08003d34   0x08003d34   0x00000094   Code   RO         1089    i.USART2_IRQHandler  stm32f1xx_it.o
    0x08003dc8   0x08003dc8   0x00000002   Code   RO         1090    i.UsageFault_Handler  stm32f1xx_it.o
    0x08003dca   0x08003dca   0x00000002   PAD
    0x08003dcc   0x08003dcc   0x00000050   Code   RO          152    i.WIFI_ESP01S_Init  bsp_esp01s.o
    0x08003e1c   0x08003e1c   0x00000184   Code   RO          153    i.WIFI_MQTT_Connect  bsp_esp01s.o
    0x08003fa0   0x08003fa0   0x00000064   Code   RO          154    i.WIFI_MQTT_Publish  bsp_esp01s.o
    0x08004004   0x08004004   0x0000004c   Code   RO          155    i.WIFI_MQTT_Subscribe  bsp_esp01s.o
    0x08004050   0x08004050   0x000000f4   Code   RO          156    i.WIFI_STA_Connect  bsp_esp01s.o
    0x08004144   0x08004144   0x0000006c   Code   RO          157    i.WIFI_Send_AT_Cmd  bsp_esp01s.o
    0x080041b0   0x080041b0   0x00000034   Code   RO          158    i.WIFI_Set_Mode     bsp_esp01s.o
    0x080041e4   0x080041e4   0x00000068   Code   RO          159    i.WIFI_Start_AP     bsp_esp01s.o
    0x0800424c   0x0800424c   0x0000005c   Code   RO          160    i.WIFI_Start_Server  bsp_esp01s.o
    0x080042a8   0x080042a8   0x00000020   Code   RO          161    i.WIFI_USART_Send_String  bsp_esp01s.o
    0x080042c8   0x080042c8   0x00000020   Code   RO         4471    i.__0printf$3       mc_w.l(printf3.o)
    0x080042e8   0x080042e8   0x00000030   Code   RO         4472    i.__0snprintf$3     mc_w.l(printf3.o)
    0x08004318   0x08004318   0x00000028   Code   RO         4473    i.__0sprintf$3      mc_w.l(printf3.o)
    0x08004340   0x08004340   0x00000020   Code   RO         2054    i.__NVIC_SetPriority  stm32f1xx_hal_cortex.o
    0x08004360   0x08004360   0x00000008   Code   RO         4680    i.__aeabi_errno_addr  mc_w.l(errno.o)
    0x08004368   0x08004368   0x0000000e   Code   RO         4742    i.__scatterload_copy  mc_w.l(handlers.o)
    0x08004376   0x08004376   0x00000002   Code   RO         4743    i.__scatterload_null  mc_w.l(handlers.o)
    0x08004378   0x08004378   0x0000000e   Code   RO         4744    i.__scatterload_zeroinit  mc_w.l(handlers.o)
    0x08004386   0x08004386   0x00000002   PAD
    0x08004388   0x08004388   0x000001b8   Code   RO         4478    i._printf_core      mc_w.l(printf3.o)
    0x08004540   0x08004540   0x00000016   Code   RO         4479    i._snputc           mc_w.l(printf3.o)
    0x08004556   0x08004556   0x0000000a   Code   RO         4480    i._sputc            mc_w.l(printf3.o)
    0x08004560   0x08004560   0x0000001c   Code   RO          556    i.delay_us          soft_i2c.o
    0x0800457c   0x0800457c   0x00000054   Code   RO          756    i.extract_json_id   main.o
    0x080045d0   0x080045d0   0x00000058   Code   RO          757    i.extract_json_string  main.o
    0x08004628   0x08004628   0x00000018   Code   RO         1030    i.fputc             usart.o
    0x08004640   0x08004640   0x00000084   Code   RO          758    i.get_param_value   main.o
    0x080046c4   0x080046c4   0x00000500   Code   RO          759    i.main              main.o
    0x08004bc4   0x08004bc4   0x00000020   Data   RO          636    .constdata          oled_s.o
    0x08004be4   0x08004be4   0x00000020   Data   RO          637    .constdata          oled_s.o
    0x08004c04   0x08004c04   0x00000020   Data   RO          638    .constdata          oled_s.o
    0x08004c24   0x08004c24   0x00000020   Data   RO          639    .constdata          oled_s.o
    0x08004c44   0x08004c44   0x000005f0   Data   RO          640    .constdata          oled_s.o
    0x08005234   0x08005234   0x00000020   Data   RO          762    .constdata          main.o
    0x08005254   0x08005254   0x00000012   Data   RO         1752    .constdata          stm32f1xx_hal_rcc.o
    0x08005266   0x08005266   0x00000012   Data   RO         1844    .constdata          stm32f1xx_hal_rcc_ex.o
    0x08005278   0x08005278   0x00000010   Data   RO         4316    .constdata          system_stm32f1xx.o
    0x08005288   0x08005288   0x00000008   Data   RO         4317    .constdata          system_stm32f1xx.o
    0x08005290   0x08005290   0x00000081   Data   RO         4707    .constdata          mc_w.l(ctype_o.o)
    0x08005311   0x08005311   0x00000003   PAD
    0x08005314   0x08005314   0x00000004   Data   RO         4708    .constdata          mc_w.l(ctype_o.o)
    0x08005318   0x08005318   0x0000012c   Data   RO          763    .conststring        main.o
    0x08005444   0x08005444   0x00000020   Data   RO         4740    Region$$Table       anon$$obj.o


    Execution Region RW_IRAM1 (Exec base: 0x20000000, Load base: 0x08005464, Size: 0x00000dd8, Max: 0x00005000, ABSOLUTE)

    Exec Addr    Load Addr    Size         Type   Attr      Idx    E Section Name        Object

    0x20000000   0x08005464   0x00000003   Data   RW           15    .data               bh1750.o
    0x20000003   0x08005467   0x00000001   PAD
    0x20000004   0x08005468   0x00000006   Data   RW          164    .data               bsp_esp01s.o
    0x2000000a   0x0800546e   0x00000008   Data   RW          449    .data               sht30.o
    0x20000012   0x08005476   0x00000002   PAD
    0x20000014   0x08005478   0x00000040   Data   RW          764    .data               main.o
    0x20000054   0x080054b8   0x0000000c   Data   RW         1589    .data               stm32f1xx_hal.o
    0x20000060   0x080054c4   0x00000004   Data   RW         4318    .data               system_stm32f1xx.o
    0x20000064   0x080054c8   0x00000004   Data   RW         4675    .data               mc_w.l(stdout.o)
    0x20000068   0x080054cc   0x00000004   Data   RW         4683    .data               mc_w.l(errno.o)
    0x2000006c        -       0x00000200   Zero   RW          163    .bss                bsp_esp01s.o
    0x2000026c        -       0x00000440   Zero   RW          760    .bss                main.o
    0x200006ac        -       0x00000030   Zero   RW          902    .bss                adc.o
    0x200006dc        -       0x00000054   Zero   RW          944    .bss                i2c.o
    0x20000730        -       0x00000048   Zero   RW          987    .bss                tim.o
    0x20000778        -       0x00000090   Zero   RW         1031    .bss                usart.o
    0x20000808        -       0x000001ac   Zero   RW         1218    .bss                flash_storage.o
    0x200009b4   0x080054d0   0x00000004   PAD
    0x200009b8        -       0x00000020   Zero   RW         2295    .bss                stm32f1xx_hal_flash.o
    0x200009d8        -       0x00000400   Zero   RW            1    STACK               startup_stm32f103xb.o


==============================================================================

Image component sizes


      Code (inc. data)   RO Data    RW Data    ZI Data      Debug   Object Name

       168         22          0          0         48       1569   adc.o
       132         14          0          3          0     457411   bh1750.o
      1912        754          0          6        512      11488   bsp_esp01s.o
        56         14          0          0          0       1529   buzzer.o
       388        200          0          0        428       2518   flash_storage.o
       156         14          0          0          0        895   gpio.o
         0          0          0          0         84        196   i2c.o
        86          0          0          0          0        943   key.o
        56         16          0          0          0       1227   led.o
      3828       1306        332         64       1088      36970   main.o
       114          0          0          0          0       2009   mq2.o
       874         34       1648          0          0       8378   oled_s.o
        24          6          0          0          0        466   pir_sensor.o
       200         34          0          0          0       2871   relay.o
       296         24          0          8          0       2074   sht30.o
       764         48          0          0          0       5638   soft_i2c.o
        36          8        236          0       1024        784   startup_stm32f103xb.o
       164         28          0         12          0       5749   stm32f1xx_hal.o
      1260         54          0          0          0       6372   stm32f1xx_hal_adc.o
       198         14          0          0          0      28843   stm32f1xx_hal_cortex.o
       222          4          0          0          0       1711   stm32f1xx_hal_dma.o
       404         52          0          0         32       5087   stm32f1xx_hal_flash.o
       240         26          0          0          0       3173   stm32f1xx_hal_flash_ex.o
       500         34          0          0          0       3439   stm32f1xx_hal_gpio.o
        60          8          0          0          0        838   stm32f1xx_hal_msp.o
      1252         90         18          0          0       5424   stm32f1xx_hal_rcc.o
       400         28         18          0          0       2413   stm32f1xx_hal_rcc_ex.o
       850         12          0          0          0       9437   stm32f1xx_hal_tim.o
       108         12          0          0          0       2325   stm32f1xx_hal_tim_ex.o
      1556         10          0          0          0      11194   stm32f1xx_hal_uart.o
       180         24          0          0          0       5151   stm32f1xx_it.o
         2          0         24          4          0       1059   system_stm32f1xx.o
       164         20          0          0         72       1586   tim.o
       340         38          0          0        144       2791   usart.o

    ----------------------------------------------------------------------
     17024       2948       2308        100       3436     633558   Object Totals
         0          0         32          0          0          0   (incl. Generated)
        34          0          0          3          4          0   (incl. Padding)

    ----------------------------------------------------------------------

      Code (inc. data)   RO Data    RW Data    ZI Data      Debug   Library Member Name

        28          0          0          0          0         68   _chval.o
       158          0          0          0          0         92   _strtoul.o
        26          0          0          0          0         80   atoi.o
         8          4        133          0          0         68   ctype_o.o
         0          0          0          0          0          0   entry.o
         0          0          0          0          0          0   entry10a.o
         0          0          0          0          0          0   entry11a.o
         8          4          0          0          0          0   entry2.o
         4          0          0          0          0          0   entry5.o
         0          0          0          0          0          0   entry7b.o
         0          0          0          0          0          0   entry8b.o
         8          4          0          0          0          0   entry9a.o
         8          4          0          4          0         68   errno.o
        30          0          0          0          0          0   handlers.o
        36          8          0          0          0         68   init.o
         0          0          0          0          0          0   iusefp.o
        30          0          0          0          0         68   llshl.o
        32          0          0          0          0         68   llushr.o
        64          0          0          0          0         76   memmovea.o
        36          0          0          0          0        108   memseta.o
       592         24          0          0          0        488   printf3.o
         0          0          0          4          0          0   stdout.o
        20          0          0          0          0         68   strchr.o
        28          0          0          0          0         76   strcmp.o
        18          0          0          0          0         68   strcpy.o
        14          0          0          0          0         68   strlen.o
        30          0          0          0          0         80   strncmp.o
        24          0          0          0          0         76   strncpy.o
        32          0          0          0          0         68   strrchr.o
        36          0          0          0          0         80   strstr.o
       112          0          0          0          0         88   strtol.o
        44          0          0          0          0         80   uidiv.o
        98          0          0          0          0         92   uldiv.o
        20          0          0          0          0         68   cfcmple.o
       176          0          0          0          0        140   fadd.o
       124          0          0          0          0         88   fdiv.o
       110          0          0          0          0        168   fepilogue.o
        50          0          0          0          0         68   ffixi.o
        18          0          0          0          0         68   fflti.o
        10          0          0          0          0         68   ffltui.o
       100          0          0          0          0         76   fmul.o

    ----------------------------------------------------------------------
      2136         48        136          8          0       2840   Library Totals
         4          0          3          0          0          0   (incl. Padding)

    ----------------------------------------------------------------------

      Code (inc. data)   RO Data    RW Data    ZI Data      Debug   Library Name

      1524         48        133          8          0       2096   mc_w.l
       608          0          0          0          0        744   mf_w.l

    ----------------------------------------------------------------------
      2136         48        136          8          0       2840   Library Totals

    ----------------------------------------------------------------------

==============================================================================


      Code (inc. data)   RO Data    RW Data    ZI Data      Debug   

     19160       2996       2444        108       3436     626722   Grand Totals
     19160       2996       2444        108       3436     626722   ELF Image Totals
     19160       2996       2444        108          0          0   ROM Totals

==============================================================================

    Total RO  Size (Code + RO Data)                21604 (  21.10kB)
    Total RW  Size (RW Data + ZI Data)              3544 (   3.46kB)
    Total ROM Size (Code + RO Data + RW Data)      21712 (  21.20kB)

==============================================================================

